Component: ARM Compiler 5.05 update 2 (build 169) Tool: armlink [4d0f33]

==============================================================================

Section Cross References

    main.o(i.GPIO_Config) refers to misc.o(i.NVIC_PriorityGroupConfig) for NVIC_PriorityGroupConfig
    main.o(i.GPIO_Config) refers to delay.o(i.delay_init) for delay_init
    main.o(i.GPIO_Config) refers to usart.o(i.uart_init) for uart_init
    main.o(i.GPIO_Config) refers to __2printf.o(.text) for __2printf
    main.o(i.GPIO_Config) refers to usart.o(i.uart2_init) for uart2_init
    main.o(i.GPIO_Config) refers to led.o(i.LED_GPIO_Config) for LED_GPIO_Config
    main.o(i.GPIO_Config) refers to relay.o(i.RELAY_GPIO_Config) for RELAY_GPIO_Config
    main.o(i.GPIO_Config) refers to exti.o(i.EXTIX_Init) for EXTIX_Init
    main.o(i.GPIO_Config) refers to bsp_dht11.o(i.DHT11_GPIO_Config) for DHT11_GPIO_Config
    main.o(i.GPIO_Config) refers to oled_i2c.o(i.I2C_Configuration) for I2C_Configuration
    main.o(i.GPIO_Config) refers to soil_moisture.o(i.Soiladc_Init) for Soiladc_Init
    main.o(i.GPIO_Config) refers to oled_i2c.o(i.OLED_Init) for OLED_Init
    main.o(i.GPIO_Config) refers to oled_i2c.o(i.OLED_Fill) for OLED_Fill
    main.o(i.GPIO_Config) refers to led.o(i.BEEP_GPIO_Config) for BEEP_GPIO_Config
    main.o(i.GPIO_Config) refers to esp8266.o(i.Wifi_Init) for Wifi_Init
    main.o(i.GPIO_Config) refers to stm32f4xx_gpio.o(i.GPIO_ResetBits) for GPIO_ResetBits
    main.o(i.GPIO_Config) refers to delay.o(i.delay_ms) for delay_ms
    main.o(i.GPIO_Config) refers to stm32f4xx_gpio.o(i.GPIO_SetBits) for GPIO_SetBits
    main.o(i.OLED_Dateout) refers to oled_i2c.o(i.OLED_ShowStr) for OLED_ShowStr
    main.o(i.OLED_Dateout) refers to __2printf.o(.text) for __2printf
    main.o(i.OLED_Dateout) refers to main.o(.bss) for DHT_tempi
    main.o(i.OLED_Dateout) refers to exti.o(.data) for Fan_FLAG
    main.o(i.OLED_Dateout) refers to main.o(.data) for temp
    main.o(i.SoilADC_Dateout) refers to _printf_percent.o(.ARM.Collect$$_printf_percent$$00000000) for _printf_percent
    main.o(i.SoilADC_Dateout) refers to _printf_f.o(.ARM.Collect$$_printf_percent$$00000003) for _printf_f
    main.o(i.SoilADC_Dateout) refers to printf1.o(x$fpl$printf1) for _printf_fp_dec
    main.o(i.SoilADC_Dateout) refers to soil_moisture.o(i.Get_Soiladc_Average) for Get_Soiladc_Average
    main.o(i.SoilADC_Dateout) refers to f2d.o(x$fpl$f2d) for __aeabi_f2d
    main.o(i.SoilADC_Dateout) refers to dmul.o(x$fpl$dmul) for __aeabi_dmul
    main.o(i.SoilADC_Dateout) refers to daddsub_clz.o(x$fpl$drsb) for __aeabi_drsub
    main.o(i.SoilADC_Dateout) refers to d2f.o(x$fpl$d2f) for __aeabi_d2f
    main.o(i.SoilADC_Dateout) refers to __2printf.o(.text) for __2printf
    main.o(i.SoilADC_Dateout) refers to __2sprintf.o(.text) for __2sprintf
    main.o(i.SoilADC_Dateout) refers to main.o(.data) for adcx
    main.o(i.SoilADC_Dateout) refers to main.o(.bss) for Sorh
    main.o(i.WIFIlink_Encode) refers to _printf_percent.o(.ARM.Collect$$_printf_percent$$00000000) for _printf_percent
    main.o(i.WIFIlink_Encode) refers to _printf_s.o(.ARM.Collect$$_printf_percent$$00000014) for _printf_s
    main.o(i.WIFIlink_Encode) refers to _printf_str.o(.text) for _printf_str
    main.o(i.WIFIlink_Encode) refers to rt_memcpy_w.o(.text) for __aeabi_memcpy4
    main.o(i.WIFIlink_Encode) refers to strcat.o(.text) for strcat
    main.o(i.WIFIlink_Encode) refers to strlen.o(.text) for strlen
    main.o(i.WIFIlink_Encode) refers to usart.o(i.u2_printf) for u2_printf
    main.o(i.WIFIlink_Encode) refers to delay.o(i.delay_ms) for delay_ms
    main.o(i.WIFIlink_Encode) refers to __2printf.o(.text) for __2printf
    main.o(i.WIFIlink_Encode) refers to rt_memclr_w.o(.text) for __aeabi_memclr4
    main.o(i.WIFIlink_Encode) refers to main.o(.constdata) for .constdata
    main.o(i.WIFIlink_Encode) refers to main.o(.bss) for DHT_humii
    main.o(i.WIFIlink_Encode) refers to main.o(.data) for i
    main.o(i.WIFIlink_Encode) refers to esp8266.o(.data) for WIFI_Mode_FLAG
    main.o(i.main) refers to _printf_percent.o(.ARM.Collect$$_printf_percent$$00000000) for _printf_percent
    main.o(i.main) refers to _printf_d.o(.ARM.Collect$$_printf_percent$$00000009) for _printf_d
    main.o(i.main) refers to _printf_dec.o(.text) for _printf_int_dec
    main.o(i.main) refers to main.o(i.GPIO_Config) for GPIO_Config
    main.o(i.main) refers to main.o(i.oled_on) for oled_on
    main.o(i.main) refers to timer.o(i.TIM3_Int_Init) for TIM3_Int_Init
    main.o(i.main) refers to __2snprintf.o(.text) for __2snprintf
    main.o(i.main) refers to stm32f4xx_gpio.o(i.GPIO_ResetBits) for GPIO_ResetBits
    main.o(i.main) refers to stm32f4xx_gpio.o(i.GPIO_SetBits) for GPIO_SetBits
    main.o(i.main) refers to stm32f4xx_gpio.o(i.GPIO_ReadInputDataBit) for GPIO_ReadInputDataBit
    main.o(i.main) refers to main.o(.data) for DHT11_Data
    main.o(i.main) refers to exti.o(.data) for Fan_FLAG
[...]
    i.USART_Cmd                              0x0800374c   Section        0  stm32f4xx_usart.o(i.USART_Cmd)
    i.USART_GetFlagStatus                    0x08003764   Section        0  stm32f4xx_usart.o(i.USART_GetFlagStatus)
    i.USART_GetITStatus                      0x0800377e   Section        0  stm32f4xx_usart.o(i.USART_GetITStatus)
    i.USART_ITConfig                         0x080037d2   Section        0  stm32f4xx_usart.o(i.USART_ITConfig)
    i.USART_Init                             0x0800381c   Section        0  stm32f4xx_usart.o(i.USART_Init)
    i.USART_ReceiveData                      0x080038f0   Section        0  stm32f4xx_usart.o(i.USART_ReceiveData)
    i.USART_SendData                         0x080038fa   Section        0  stm32f4xx_usart.o(i.USART_SendData)
    i.UsageFault_Handler                     0x08003902   Section        0  stm32f4xx_it.o(i.UsageFault_Handler)
    i.WIFIlink_Encode                        0x08003908   Section        0  main.o(i.WIFIlink_Encode)
    i.Wifi_Init                              0x08003cec   Section        0  esp8266.o(i.Wifi_Init)
    i.WriteCmd                               0x08003ecc   Section        0  oled_i2c.o(i.WriteCmd)
    i.WriteDat                               0x08003eda   Section        0  oled_i2c.o(i.WriteDat)
    i.__ARM_fpclassify                       0x08003ee8   Section        0  fpclassify.o(i.__ARM_fpclassify)
    i._is_digit                              0x08003f18   Section        0  __printf_wp.o(i._is_digit)
    i._sys_exit                              0x08003f26   Section        0  usart.o(i._sys_exit)
    i.delay_init                             0x08003f2c   Section        0  delay.o(i.delay_init)
    i.delay_ms                               0x08003f68   Section        0  delay.o(i.delay_ms)
    i.delay_xms                              0x08003fa0   Section        0  delay.o(i.delay_xms)
    i.fputc                                  0x08003fec   Section        0  usart.o(i.fputc)
    i.main                                   0x08004008   Section        0  main.o(i.main)
    i.oled_on                                0x080043d4   Section        0  main.o(i.oled_on)
    i.u2_printf                              0x080044ec   Section        0  usart.o(i.u2_printf)
    i.uart2_init                             0x0800453c   Section        0  usart.o(i.uart2_init)
    i.uart_DHT11_output                      0x080045e8   Section        0  main.o(i.uart_DHT11_output)
    i.uart_init                              0x080046f8   Section        0  usart.o(i.uart_init)
    locale$$code                             0x080047a4   Section       44  lc_numeric_c.o(locale$$code)
    locale$$code                             0x080047d0   Section       44  lc_ctype_c.o(locale$$code)
    x$fpl$d2f                                0x080047fc   Section       98  d2f.o(x$fpl$d2f)
    $v0                                      0x080047fc   Number         0  d2f.o(x$fpl$d2f)
    x$fpl$dadd                               0x08004860   Section      336  daddsub_clz.o(x$fpl$dadd)
    $v0                                      0x08004860   Number         0  daddsub_clz.o(x$fpl$dadd)
    _dadd1                                   0x08004871   Thumb Code     0  daddsub_clz.o(x$fpl$dadd)
    x$fpl$dmul                               0x080049b0   Section      340  dmul.o(x$fpl$dmul)
    $v0                                      0x080049b0   Number         0  dmul.o(x$fpl$dmul)
    x$fpl$dnaninf                            0x08004b04   Section      156  dnaninf.o(x$fpl$dnaninf)
    $v0                                      0x08004b04   Number         0  dnaninf.o(x$fpl$dnaninf)
    x$fpl$dretinf                            0x08004ba0   Section       12  dretinf.o(x$fpl$dretinf)
    $v0                                      0x08004ba0   Number         0  dretinf.o(x$fpl$dretinf)
    x$fpl$drsb                               0x08004bac   Section       22  daddsub_clz.o(x$fpl$drsb)
    $v0                                      0x08004bac   Number         0  daddsub_clz.o(x$fpl$drsb)
    x$fpl$dsub                               0x08004bc4   Section      468  daddsub_clz.o(x$fpl$dsub)
    $v0                                      0x08004bc4   Number         0  daddsub_clz.o(x$fpl$dsub)
    _dsub1                                   0x08004bd5   Thumb Code     0  daddsub_clz.o(x$fpl$dsub)
    x$fpl$f2d                                0x08004d98   Section       86  f2d.o(x$fpl$f2d)
    $v0                                      0x08004d98   Number         0  f2d.o(x$fpl$f2d)
    x$fpl$fnaninf                            0x08004dee   Section      140  fnaninf.o(x$fpl$fnaninf)
    $v0                                      0x08004dee   Number         0  fnaninf.o(x$fpl$fnaninf)
    x$fpl$fpinit                             0x08004e7a   Section       10  fpinit.o(x$fpl$fpinit)
    $v0                                      0x08004e7a   Number         0  fpinit.o(x$fpl$fpinit)
    x$fpl$fretinf                            0x08004e84   Section       10  fretinf.o(x$fpl$fretinf)
    $v0                                      0x08004e84   Number         0  fretinf.o(x$fpl$fretinf)
    x$fpl$printf1                            0x08004e8e   Section        4  printf1.o(x$fpl$printf1)
    $v0                                      0x08004e8e   Number         0  printf1.o(x$fpl$printf1)
    x$fpl$usenofp                            0x08004e92   Section        0  usenofp.o(x$fpl$usenofp)
    .constdata                               0x08004e94   Section       20  main.o(.constdata)
    .constdata                               0x08004ea8   Section     2072  oled_i2c.o(.constdata)
    .constdata                               0x080056c0   Section       17  __printf_flags_ss_wp.o(.constdata)
    maptable                                 0x080056c0   Data          17  __printf_flags_ss_wp.o(.constdata)
    .constdata                               0x080056d4   Section        8  _printf_wctomb.o(.constdata)
    initial_mbstate                          0x080056d4   Data           8  _printf_wctomb.o(.constdata)
    .constdata                               0x080056dc   Section       40  _printf_hex_int_ll_ptr.o(.constdata)
    uc_hextab                                0x080056dc   Data          20  _printf_hex_int_ll_ptr.o(.constdata)
    lc_hextab                                0x080056f0   Data          20  _printf_hex_int_ll_ptr.o(.constdata)
    .constdata                               0x08005704   Section      148  bigflt0.o(.constdata)
    tenpwrs_x                                0x08005704   Data          60  bigflt0.o(.constdata)
    tenpwrs_i                                0x08005740   Data          64  bigflt0.o(.constdata)
    .conststring                             0x08005798   Section       68  main.o(.conststring)
    locale$$data                             0x080057fc   Section       28  lc_numeric_c.o(locale$$data)
    __lcnum_c_name                           0x08005800   Data           2  lc_numeric_c.o(locale$$data)
    __lcnum_c_start                          0x08005808   Data           0  lc_numeric_c.o(locale$$data)
    __lcnum_c_point                          0x08005814   Data           0  lc_numeric_c.o(locale$$data)
    __lcnum_c_thousands                      0x08005816   Data           0  lc_numeric_c.o(locale$$data)
    __lcnum_c_grouping                       0x08005817   Data           0  lc_numeric_c.o(locale$$data)
    locale$$data                             0x08005818   Section      272  lc_ctype_c.o(locale$$data)
    __lcnum_c_end                            0x08005818   Data           0  lc_numeric_c.o(locale$$data)
    __lcctype_c_name                         0x0800581c   Data           2  lc_ctype_c.o(locale$$data)
    __lcctype_c_start                        0x08005824   Data           0  lc_ctype_c.o(locale$$data)
    __lcctype_c_end                          0x08005928   Data           0  lc_ctype_c.o(locale$$data)
    .data                                    0x20000000   Section       40  main.o(.data)
    t                                        0x20000010   Data           4  main.o(.data)
    t                                        0x20000014   Data           4  main.o(.data)
    i                                        0x20000018   Data           4  main.o(.data)
    j                                        0x2000001c   Data           4  main.o(.data)
    k                                        0x20000020   Data           4  main.o(.data)
    l                                        0x20000024   Data           4  main.o(.data)
    .data                                    0x20000028   Section       20  system_stm32f4xx.o(.data)
    .data                                    0x2000003c   Section       48  exti.o(.data)
    flag                                     0x20000060   Data           4  exti.o(.data)
    flag                                     0x20000064   Data           4  exti.o(.data)
    flag                                     0x20000068   Data           4  exti.o(.data)
    .data                                    0x2000006c   Section     1344  oled_i2c.o(.data)
    .data                                    0x200005ac   Section        4  esp8266.o(.data)
    .data                                    0x200005b0   Section        4  delay.o(.data)
    fac_us                                   0x200005b0   Data           1  delay.o(.data)
    fac_ms                                   0x200005b2   Data           2  delay.o(.data)
    .data                                    0x200005b4   Section        9  usart.o(.data)
    .data                                    0x200005bd   Section       16  stm32f4xx_rcc.o(.data)
    APBAHBPrescTable                         0x200005bd   Data          16  stm32f4xx_rcc.o(.data)
    .bss                                     0x200005d0   Section      120  main.o(.bss)
    .bss                                     0x20000648   Section      400  usart.o(.bss)
    .bss                                     0x200007d8   Section       96  libspace.o(.bss)
    HEAP                                     0x20000838   Section      512  startup_stm32f40_41xxx.o(HEAP)
    Heap_Mem                                 0x20000838   Data         512  startup_stm32f40_41xxx.o(HEAP)
    STACK                                    0x20000a38   Section     1024  startup_stm32f40_41xxx.o(STACK)
    Stack_Mem                                0x20000a38   Data        1024  startup_stm32f40_41xxx.o(STACK)
    __initial_sp                             0x20000e38   Data           0  startup_stm32f40_41xxx.o(STACK)

    Global Symbols

    Symbol Name                              Value     Ov Type        Size  Object(Section)

    BuildAttributes$$THM_ISAv4$E$P$D$K$B$S$7EM$VFPi3$EXTD16$VFPS$VFMA$PE$A:L22UL41UL21$X:L11$S22US41US21$IEEE1$IW$USESV6$~STKCKD$USESV7$~SHL$OTIME$ROPI$IEEEJ$EBA8$UX$STANDARDLIB$REQ8$PRES8$EABIv2 0x00000000   Number         0  anon$$obj.o ABSOLUTE
    __ARM_use_no_argv                        0x00000000   Number         0  main.o ABSOLUTE
    _printf_flags                            0x00000000   Number         0  printf_stubs.o ABSOLUTE
    _printf_return_value                     0x00000000   Number         0  printf_stubs.o ABSOLUTE
    _printf_sizespec                         0x00000000   Number         0  printf_stubs.o ABSOLUTE
    _printf_widthprec                        0x00000000   Number         0  printf_stubs.o ABSOLUTE
    __ARM_exceptions_init                     - Undefined Weak Reference
    __alloca_initialize                       - Undefined Weak Reference
    __arm_preinit_                            - Undefined Weak Reference
    __cpp_initialize__aeabi_                  - Undefined Weak Reference
    __cxa_finalize                            - Undefined Weak Reference
    __sigvec_lookup                           - Undefined Weak Reference
    _atexit_init                              - Undefined Weak Reference
    _call_atexit_fns                          - Undefined Weak Reference
    _clock_init                               - Undefined Weak Reference
    _fp_trap_init                             - Undefined Weak Reference
    _fp_trap_shutdown                         - Undefined Weak Reference
    _get_lc_collate                           - Undefined Weak Reference
    _get_lc_monetary                          - Undefined Weak Reference
    _get_lc_time                              - Undefined Weak Reference
    _getenv_init                              - Undefined Weak Reference
    _handle_redirection                       - Undefined Weak Reference
    _init_alloc                               - Undefined Weak Reference
    _init_user_alloc                          - Undefined Weak Reference
    _initio                                   - Undefined Weak Reference
    _mutex_acquire                            - Undefined Weak Reference
    _mutex_release                            - Undefined Weak Reference
    _printf_fp_hex                            - Undefined Weak Reference
    _printf_mbtowc                            - Undefined Weak Reference
    _printf_wc                                - Undefined Weak Reference
    _rand_init                                - Undefined Weak Reference
    _signal_finish                            - Undefined Weak Reference
    _signal_init                              - Undefined Weak Reference
    _terminate_alloc                          - Undefined Weak Reference
    _terminate_user_alloc                     - Undefined Weak Reference
    _terminateio                              - Undefined Weak Reference
    __Vectors_Size                           0x00000188   Number         0  startup_stm32f40_41xxx.o ABSOLUTE
    __Vectors                                0x08000000   Data           4  startup_stm32f40_41xxx.o(RESET)
    __Vectors_End                            0x08000188   Data           0  startup_stm32f40_41xxx.o(RESET)
    __main                                   0x08000189   Thumb Code     8  __main.o(!!!main)
    __scatterload                            0x08000191   Thumb Code     0  __scatter.o(!!!scatter)
    __scatterload_rt2                        0x08000191   Thumb Code    44  __scatter.o(!!!scatter)
    __scatterload_rt2_thumb_only             0x08000191   Thumb Code     0  __scatter.o(!!!scatter)
    __scatterload_null                       0x0800019f   Thumb Code     0  __scatter.o(!!!scatter)
    __decompress                             0x080001c5   Thumb Code    90  __dczerorl2.o(!!dczerorl2)
    __decompress1                            0x080001c5   Thumb Code     0  __dczerorl2.o(!!dczerorl2)
    __scatterload_zeroinit                   0x08000221   Thumb Code    28  __scatter_zi.o(!!handler_zi)
    _printf_n                                0x0800023d   Thumb Code     0  _printf_n.o(.ARM.Collect$$_printf_percent$$00000001)
    _printf_percent                          0x0800023d   Thumb Code     0  _printf_percent.o(.ARM.Collect$$_printf_percent$$00000000)
    _printf_p                                0x08000243   Thumb Code     0  _printf_p.o(.ARM.Collect$$_printf_percent$$00000002)
    _printf_f                                0x08000249   Thumb Code     0  _printf_f.o(.ARM.Collect$$_printf_percent$$00000003)
    _printf_e                                0x0800024f   Thumb Code     0  _printf_e.o(.ARM.Collect$$_printf_percent$$00000004)
    _printf_g                                0x08000255   Thumb Code     0  _printf_g.o(.ARM.Collect$$_printf_percent$$00000005)
    _printf_a                                0x0800025b   Thumb Code     0  _printf_a.o(.ARM.Collect$$_printf_percent$$00000006)
    _printf_ll                               0x08000261   Thumb Code     0  _printf_ll.o(.ARM.Collect$$_printf_percent$$00000007)
    _printf_i                                0x0800026b   Thumb Code     0  _printf_i.o(.ARM.Collect$$_printf_percent$$00000008)
    _printf_d                                0x08000271   Thumb Code     0  _printf_d.o(.ARM.Collect$$_printf_percent$$00000009)
    _printf_u                                0x08000277   Thumb Code     0  _printf_u.o(.ARM.Collect$$_printf_percent$$0000000A)
    _printf_o                                0x0800027d   Thumb Code     0  _printf_o.o(.ARM.Collect$$_printf_percent$$0000000B)
    _printf_x                                0x08000283   Thumb Code     0  _printf_x.o(.ARM.Collect$$_printf_percent$$0000000C)
    _printf_lli                              0x08000289   Thumb Code     0  _printf_lli.o(.ARM.Collect$$_printf_percent$$0000000D)
    _printf_lld                              0x0800028f   Thumb Code     0  _printf_lld.o(.ARM.Collect$$_printf_percent$$0000000E)
    _printf_llu                              0x08000295   Thumb Code     0  _printf_llu.o(.ARM.Collect$$_printf_percent$$0000000F)
    _printf_llo                              0x0800029b   Thumb Code     0  _printf_llo.o(.ARM.Collect$$_printf_percent$$00000010)
    _printf_llx                              0x080002a1   Thumb Code     0  _printf_llx.o(.ARM.Collect$$_printf_percent$$00000011)
    _printf_l                                0x080002a7   Thumb Code     0  _printf_l.o(.ARM.Collect$$_printf_percent$$00000012)
    _printf_c                                0x080002b1   Thumb Code     0  _printf_c.o(.ARM.Collect$$_printf_percent$$00000013)
    _printf_s                                0x080002b7   Thumb Code     0  _printf_s.o(.ARM.Collect$$_printf_percent$$00000014)
    _printf_lc                               0x080002bd   Thumb Code     0  _printf_lc.o(.ARM.Collect$$_printf_percent$$00000015)
    _printf_ls                               0x080002c3   Thumb Code     0  _printf_ls.o(.ARM.Collect$$_printf_percent$$00000016)
    _printf_percent_end                      0x080002c9   Thumb Code     0  _printf_percent_end.o(.ARM.Collect$$_printf_percent$$00000017)
    __rt_lib_init                            0x080002cd   Thumb Code     0  libinit.o(.ARM.Collect$$libinit$$00000000)
    __rt_lib_init_fp_1                       0x080002cf   Thumb Code     0  libinit2.o(.ARM.Collect$$libinit$$00000001)
    __rt_lib_init_heap_1                     0x080002d3   Thumb Code     0  libinit2.o(.ARM.Collect$$libinit$$0000000A)
    __rt_lib_init_lc_common                  0x080002d3   Thumb Code     0  libinit2.o(.ARM.Collect$$libinit$$0000000F)
    __rt_lib_init_preinit_1                  0x080002d3   Thumb Code     0  libinit2.o(.ARM.Collect$$libinit$$00000004)
    __rt_lib_init_rand_1                     0x080002d3   Thumb Code     0  libinit2.o(.ARM.Collect$$libinit$$0000000E)
    __rt_lib_init_user_alloc_1               0x080002d3   Thumb Code     0  libinit2.o(.ARM.Collect$$libinit$$0000000C)
    __rt_lib_init_lc_collate_1               0x080002d9   Thumb Code     0  libinit2.o(.ARM.Collect$$libinit$$00000011)
    __rt_lib_init_lc_ctype_2                 0x080002d9   Thumb Code     0  libinit2.o(.ARM.Collect$$libinit$$00000012)
    __rt_lib_init_lc_ctype_1                 0x080002e5   Thumb Code     0  libinit2.o(.ARM.Collect$$libinit$$00000013)
    __rt_lib_init_lc_monetary_1              0x080002e5   Thumb Code     0  libinit2.o(.ARM.Collect$$libinit$$00000015)
    __rt_lib_init_lc_numeric_2               0x080002e5   Thumb Code     0  libinit2.o(.ARM.Collect$$libinit$$00000016)
    __rt_lib_init_alloca_1                   0x080002ef   Thumb Code     0  libinit2.o(.ARM.Collect$$libinit$$0000002E)
    __rt_lib_init_argv_1                     0x080002ef   Thumb Code     0  libinit2.o(.ARM.Collect$$libinit$$0000002C)
    __rt_lib_init_atexit_1                   0x080002ef   Thumb Code     0  libinit2.o(.ARM.Collect$$libinit$$0000001B)
    __rt_lib_init_clock_1                    0x080002ef   Thumb Code     0  libinit2.o(.ARM.Collect$$libinit$$00000021)
    __rt_lib_init_cpp_1                      0x080002ef   Thumb Code     0  libinit2.o(.ARM.Collect$$libinit$$00000032)
    __rt_lib_init_exceptions_1               0x080002ef   Thumb Code     0  libinit2.o(.ARM.Collect$$libinit$$00000030)
    __rt_lib_init_fp_trap_1                  0x080002ef   Thumb Code     0  libinit2.o(.ARM.Collect$$libinit$$0000001F)
    __rt_lib_init_getenv_1                   0x080002ef   Thumb Code     0  libinit2.o(.ARM.Collect$$libinit$$00000023)
    __rt_lib_init_lc_numeric_1               0x080002ef   Thumb Code     0  libinit2.o(.ARM.Collect$$libinit$$00000017)
    __rt_lib_init_lc_time_1                  0x080002ef   Thumb Code     0  libinit2.o(.ARM.Collect$$libinit$$00000019)
    __rt_lib_init_return                     0x080002ef   Thumb Code     0  libinit2.o(.ARM.Collect$$libinit$$00000033)
    __rt_lib_init_signal_1                   0x080002ef   Thumb Code     0  libinit2.o(.ARM.Collect$$libinit$$0000001D)
    __rt_lib_init_stdio_1                    0x080002ef   Thumb Code     0  libinit2.o(.ARM.Collect$$libinit$$00000025)
    __rt_lib_shutdown                        0x080002f1   Thumb Code     0  libshutdown.o(.ARM.Collect$$libshutdown$$00000000)
    __rt_lib_shutdown_fp_trap_1              0x080002f3   Thumb Code     0  libshutdown2.o(.ARM.Collect$$libshutdown$$00000006)
    __rt_lib_shutdown_heap_1                 0x080002f3   Thumb Code     0  libshutdown2.o(.ARM.Collect$$libshutdown$$0000000E)
    __rt_lib_shutdown_return                 0x080002f3   Thumb Code     0  libshutdown2.o(.ARM.Collect$$libshutdown$$0000000F)
    __rt_lib_shutdown_signal_1               0x080002f3   Thumb Code     0  libshutdown2.o(.ARM.Collect$$libshutdown$$00000009)
    __rt_lib_shutdown_stdio_1                0x080002f3   Thumb Code     0  libshutdown2.o(.ARM.Collect$$libshutdown$$00000003)
    __rt_lib_shutdown_user_alloc_1           0x080002f3   Thumb Code     0  libshutdown2.o(.ARM.Collect$$libshutdown$$0000000B)
    __rt_entry                               0x080002f5   Thumb Code     0  __rtentry.o(.ARM.Collect$$rtentry$$00000000)
    __rt_entry_presh_1                       0x080002f5   Thumb Code     0  __rtentry2.o(.ARM.Collect$$rtentry$$00000002)
    __rt_entry_sh                            0x080002f5   Thumb Code     0  __rtentry4.o(.ARM.Collect$$rtentry$$00000004)
    __rt_entry_li                            0x080002fb   Thumb Code     0  __rtentry2.o(.ARM.Collect$$rtentry$$0000000A)
    __rt_entry_postsh_1                      0x080002fb   Thumb Code     0  __rtentry2.o(.ARM.Collect$$rtentry$$00000009)
    __rt_entry_main                          0x080002ff   Thumb Code     0  __rtentry2.o(.ARM.Collect$$rtentry$$0000000D)
    __rt_entry_postli_1                      0x080002ff   Thumb Code     0  __rtentry2.o(.ARM.Collect$$rtentry$$0000000C)
    __rt_exit                                0x08000307   Thumb Code     0  rtexit.o(.ARM.Collect$$rtexit$$00000000)
    __rt_exit_ls                             0x08000309   Thumb Code     0  rtexit2.o(.ARM.Collect$$rtexit$$00000003)
    __rt_exit_prels_1                        0x08000309   Thumb Code     0  rtexit2.o(.ARM.Collect$$rtexit$$00000002)
    __rt_exit_exit                           0x0800030d   Thumb Code     0  rtexit2.o(.ARM.Collect$$rtexit$$00000004)
    Reset_Handler                            0x08000315   Thumb Code     8  startup_stm32f40_41xxx.o(.text)
    ADC_IRQHandler                           0x0800032f   Thumb Code     0  startup_stm32f40_41xxx.o(.text)
    CAN1_RX0_IRQHandler                      0x0800032f   Thumb Code     0  startup_stm32f40_41xxx.o(.text)
    CAN1_RX1_IRQHandler                      0x0800032f   Thumb Code     0  startup_stm32f40_41xxx.o(.text)
    CAN1_SCE_IRQHandler                      0x0800032f   Thumb Code     0  startup_stm32f40_41xxx.o(.text)
    CAN1_TX_IRQHandler                       0x0800032f   Thumb Code     0  startup_stm32f40_41xxx.o(.text)
    CAN2_RX0_IRQHandler                      0x0800032f   Thumb Code     0  startup_stm32f40_41xxx.o(.text)
    CAN2_RX1_IRQHandler                      0x0800032f   Thumb Code     0  startup_stm32f40_41xxx.o(.text)
    CAN2_SCE_IRQHandler                      0x0800032f   Thumb Code     0  startup_stm32f40_41xxx.o(.text)
    CAN2_TX_IRQHandler                       0x0800032f   Thumb Code     0  startup_stm32f40_41xxx.o(.text)
    CRYP_IRQHandler                          0x0800032f   Thumb Code     0  startup_stm32f40_41xxx.o(.text)
    DCMI_IRQHandler                          0x0800032f   Thumb Code     0  startup_stm32f40_41xxx.o(.text)
    DMA1_Stream0_IRQHandler                  0x0800032f   Thumb Code     0  startup_stm32f40_41xxx.o(.text)
    DMA1_Stream1_IRQHandler                  0x0800032f   Thumb Code     0  startup_stm32f40_41xxx.o(.text)
    DMA1_Stream2_IRQHandler                  0x0800032f   Thumb Code     0  startup_stm32f40_41xxx.o(.text)
    DMA1_Stream3_IRQHandler                  0x0800032f   Thumb Code     0  startup_stm32f40_41xxx.o(.text)
    DMA1_Stream4_IRQHandler                  0x0800032f   Thumb Code     0  startup_stm32f40_41xxx.o(.text)
    DMA1_Stream5_IRQHandler                  0x0800032f   Thumb Code     0  startup_stm32f40_41xxx.o(.text)
    DMA1_Stream6_IRQHandler                  0x0800032f   Thumb Code     0  startup_stm32f40_41xxx.o(.text)
    DMA1_Stream7_IRQHandler                  0x0800032f   Thumb Code     0  startup_stm32f40_41xxx.o(.text)
    DMA2_Stream0_IRQHandler                  0x0800032f   Thumb Code     0  startup_stm32f40_41xxx.o(.text)
    DMA2_Stream1_IRQHandler                  0x0800032f   Thumb Code     0  startup_stm32f40_41xxx.o(.text)
    DMA2_Stream2_IRQHandler                  0x0800032f   Thumb Code     0  startup_stm32f40_41xxx.o(.text)
    DMA2_Stream3_IRQHandler                  0x0800032f   Thumb Code     0  startup_stm32f40_41xxx.o(.text)
    DMA2_Stream4_IRQHandler                  0x0800032f   Thumb Code     0  startup_stm32f40_41xxx.o(.text)
    DMA2_Stream5_IRQHandler                  0x0800032f   Thumb Code     0  startup_stm32f40_41xxx.o(.text)
    DMA2_Stream6_IRQHandler                  0x0800032f   Thumb Code     0  startup_stm32f40_41xxx.o(.text)
    DMA2_Stream7_IRQHandler                  0x0800032f   Thumb Code     0  startup_stm32f40_41xxx.o(.text)
    ETH_IRQHandler                           0x0800032f   Thumb Code     0  startup_stm32f40_41xxx.o(.text)
    ETH_WKUP_IRQHandler                      0x0800032f   Thumb Code     0  startup_stm32f40_41xxx.o(.text)
    EXTI15_10_IRQHandler                     0x0800032f   Thumb Code     0  startup_stm32f40_41xxx.o(.text)
    EXTI9_5_IRQHandler                       0x0800032f   Thumb Code     0  startup_stm32f40_41xxx.o(.text)
    FLASH_IRQHandler                         0x0800032f   Thumb Code     0  startup_stm32f40_41xxx.o(.text)
    FPU_IRQHandler                           0x0800032f   Thumb Code     0  startup_stm32f40_41xxx.o(.text)
    FSMC_IRQHandler                          0x0800032f   Thumb Code     0  startup_stm32f40_41xxx.o(.text)
    HASH_RNG_IRQHandler                      0x0800032f   Thumb Code     0  startup_stm32f40_41xxx.o(.text)
    I2C1_ER_IRQHandler                       0x0800032f   Thumb Code     0  startup_stm32f40_41xxx.o(.text)
    I2C1_EV_IRQHandler                       0x0800032f   Thumb Code     0  startup_stm32f40_41xxx.o(.text)
    I2C2_ER_IRQHandler                       0x0800032f   Thumb Code     0  startup_stm32f40_41xxx.o(.text)
    I2C2_EV_IRQHandler                       0x0800032f   Thumb Code     0  startup_stm32f40_41xxx.o(.text)
    I2C3_ER_IRQHandler                       0x0800032f   Thumb Code     0  startup_stm32f40_41xxx.o(.text)
    I2C3_EV_IRQHandler                       0x0800032f   Thumb Code     0  startup_stm32f40_41xxx.o(.text)
    OTG_FS_IRQHandler                        0x0800032f   Thumb Code     0  startup_stm32f40_41xxx.o(.text)
    OTG_FS_WKUP_IRQHandler                   0x0800032f   Thumb Code     0  startup_stm32f40_41xxx.o(.text)
    OTG_HS_EP1_IN_IRQHandler                 0x0800032f   Thumb Code     0  startup_stm32f40_41xxx.o(.text)
    OTG_HS_EP1_OUT_IRQHandler                0x0800032f   Thumb Code     0  startup_stm32f40_41xxx.o(.text)
    OTG_HS_IRQHandler                        0x0800032f   Thumb Code     0  startup_stm32f40_41xxx.o(.text)
    OTG_HS_WKUP_IRQHandler                   0x0800032f   Thumb Code     0  startup_stm32f40_41xxx.o(.text)
    PVD_IRQHandler                           0x0800032f   Thumb Code     0  startup_stm32f40_41xxx.o(.text)
    RCC_IRQHandler                           0x0800032f   Thumb Code     0  startup_stm32f40_41xxx.o(.text)
    RTC_Alarm_IRQHandler                     0x0800032f   Thumb Code     0  startup_stm32f40_41xxx.o(.text)
    RTC_WKUP_IRQHandler                      0x0800032f   Thumb Code     0  startup_stm32f40_41xxx.o(.text)
    SDIO_IRQHandler                          0x0800032f   Thumb Code     0  startup_stm32f40_41xxx.o(.text)
    SPI1_IRQHandler                          0x0800032f   Thumb Code     0  startup_stm32f40_41xxx.o(.text)
    SPI2_IRQHandler                          0x0800032f   Thumb Code     0  startup_stm32f40_41xxx.o(.text)
    SPI3_IRQHandler                          0x0800032f   Thumb Code     0  startup_stm32f40_41xxx.o(.text)
    TAMP_STAMP_IRQHandler                    0x0800032f   Thumb Code     0  startup_stm32f40_41xxx.o(.text)
    TIM1_BRK_TIM9_IRQHandler                 0x0800032f   Thumb Code     0  startup_stm32f40_41xxx.o(.text)
    TIM1_CC_IRQHandler                       0x0800032f   Thumb Code     0  startup_stm32f40_41xxx.o(.text)
    TIM1_TRG_COM_TIM11_IRQHandler            0x0800032f   Thumb Code     0  startup_stm32f40_41xxx.o(.text)
    TIM1_UP_TIM10_IRQHandler                 0x0800032f   Thumb Code     0  startup_stm32f40_41xxx.o(.text)
    TIM2_IRQHandler                          0x0800032f   Thumb Code     0  startup_stm32f40_41xxx.o(.text)
    TIM4_IRQHandler                          0x0800032f   Thumb Code     0  startup_stm32f40_41xxx.o(.text)
    TIM5_IRQHandler                          0x0800032f   Thumb Code     0  startup_stm32f40_41xxx.o(.text)
    TIM6_DAC_IRQHandler                      0x0800032f   Thumb Code     0  startup_stm32f40_41xxx.o(.text)
    TIM7_IRQHandler                          0x0800032f   Thumb Code     0  startup_stm32f40_41xxx.o(.text)
    TIM8_BRK_TIM12_IRQHandler                0x0800032f   Thumb Code     0  startup_stm32f40_41xxx.o(.text)
    TIM8_CC_IRQHandler                       0x0800032f   Thumb Code     0  startup_stm32f40_41xxx.o(.text)
    TIM8_TRG_COM_TIM14_IRQHandler            0x0800032f   Thumb Code     0  startup_stm32f40_41xxx.o(.text)
    TIM8_UP_TIM13_IRQHandler                 0x0800032f   Thumb Code     0  startup_stm32f40_41xxx.o(.text)
    UART4_IRQHandler                         0x0800032f   Thumb Code     0  startup_stm32f40_41xxx.o(.text)
    UART5_IRQHandler                         0x0800032f   Thumb Code     0  startup_stm32f40_41xxx.o(.text)
    USART3_IRQHandler                        0x0800032f   Thumb Code     0  startup_stm32f40_41xxx.o(.text)
    USART6_IRQHandler                        0x0800032f   Thumb Code     0  startup_stm32f40_41xxx.o(.text)
    WWDG_IRQHandler                          0x0800032f   Thumb Code     0  startup_stm32f40_41xxx.o(.text)
    __user_initial_stackheap                 0x08000331   Thumb Code     0  startup_stm32f40_41xxx.o(.text)
    __use_no_semihosting                     0x08000355   Thumb Code     2  use_no_semi_2.o(.text)
    __c89vsprintf                            0x08000359   Thumb Code    32  c89vsprintf.o(.text)
    __2printf                                0x0800037d   Thumb Code    20  __2printf.o(.text)
    __2sprintf                               0x08000395   Thumb Code    38  __2sprintf.o(.text)
    __2snprintf                              0x080003c1   Thumb Code    50  __2snprintf.o(.text)
    _printf_str                              0x080003f9   Thumb Code    82  _printf_str.o(.text)
    _printf_int_dec                          0x0800044d   Thumb Code   104  _printf_dec.o(.text)
    __printf                                 0x080004c5   Thumb Code   388  __printf_flags_ss_wp.o(.text)
    strlen                                   0x0800064d   Thumb Code    62  strlen.o(.text)
    strcat                                   0x0800068b   Thumb Code    24  strcat.o(.text)
    __aeabi_memcpy4                          0x080006a3   Thumb Code     0  rt_memcpy_w.o(.text)
    __aeabi_memcpy8                          0x080006a3   Thumb Code     0  rt_memcpy_w.o(.text)
    __rt_memcpy_w                            0x080006a3   Thumb Code   100  rt_memcpy_w.o(.text)
    _memcpy_lastbytes_aligned                0x080006eb   Thumb Code     0  rt_memcpy_w.o(.text)
    __aeabi_memclr4                          0x08000707   Thumb Code     0  rt_memclr_w.o(.text)
    __aeabi_memclr8                          0x08000707   Thumb Code     0  rt_memclr_w.o(.text)
    __rt_memclr_w                            0x08000707   Thumb Code    78  rt_memclr_w.o(.text)
    _memset_w                                0x0800070b   Thumb Code     0  rt_memclr_w.o(.text)
    __use_two_region_memory                  0x08000755   Thumb Code     2  heapauxi.o(.text)
    __rt_heap_escrow$2region                 0x08000757   Thumb Code     2  heapauxi.o(.text)
    __rt_heap_expand$2region                 0x08000759   Thumb Code     2  heapauxi.o(.text)
    __I$use$semihosting                      0x0800075b   Thumb Code     0  use_no_semi.o(.text)
    __use_no_semihosting_swi                 0x0800075b   Thumb Code     2  use_no_semi.o(.text)
    _printf_pre_padding                      0x0800075d   Thumb Code    44  _printf_pad.o(.text)
    _printf_post_padding                     0x08000789   Thumb Code    34  _printf_pad.o(.text)
    _printf_truncate_signed                  0x080007ab   Thumb Code    18  _printf_truncate.o(.text)
    _printf_truncate_unsigned                0x080007bd   Thumb Code    18  _printf_truncate.o(.text)
    _printf_int_common                       0x080007cf   Thumb Code   178  _printf_intcommon.o(.text)
    _printf_charcount                        0x08000881   Thumb Code    40  _printf_charcount.o(.text)
    __lib_sel_fp_printf                      0x080008a9   Thumb Code     2  _printf_fp_dec.o(.text)
    _printf_fp_dec_real                      0x08000a57   Thumb Code   620  _printf_fp_dec.o(.text)
    _printf_char_common                      0x08000ccf   Thumb Code    32  _printf_char_common.o(.text)
    _sputc                                   0x08000cf5   Thumb Code    10  _sputc.o(.text)
    _snputc                                  0x08000cff   Thumb Code    16  _snputc.o(.text)
    _printf_cs_common                        0x08000d0f   Thumb Code    20  _printf_char.o(.text)
    _printf_char                             0x08000d23   Thumb Code    16  _printf_char.o(.text)
    _printf_string                           0x08000d33   Thumb Code     8  _printf_char.o(.text)
    _printf_char_file                        0x08000d3d   Thumb Code    32  _printf_char_file.o(.text)
    _printf_wctomb                           0x08000d61   Thumb Code   182  _printf_wctomb.o(.text)
    _printf_longlong_dec                     0x08000e1d   Thumb Code   108  _printf_longlong_dec.o(.text)
    _printf_longlong_oct                     0x08000e99   Thumb Code    68  _printf_oct_int_ll.o(.text)
    _printf_int_oct                          0x08000edd   Thumb Code    24  _printf_oct_int_ll.o(.text)
    _printf_ll_oct                           0x08000ef5   Thumb Code    12  _printf_oct_int_ll.o(.text)
    _printf_longlong_hex                     0x08000f09   Thumb Code    86  _printf_hex_int_ll_ptr.o(.text)
    _printf_int_hex                          0x08000f5f   Thumb Code    28  _printf_hex_int_ll_ptr.o(.text)
    _printf_ll_hex                           0x08000f7b   Thumb Code    12  _printf_hex_int_ll_ptr.o(.text)
    _printf_hex_ptr                          0x08000f87   Thumb Code    18  _printf_hex_int_ll_ptr.o(.text)
    __rt_locale                              0x08000f9d   Thumb Code     8  rt_locale_intlibspace.o(.text)
    _ll_udiv10                               0x08000fa5   Thumb Code   138  lludiv10.o(.text)
    _printf_fp_infnan                        0x08001031   Thumb Code   112  _printf_fp_infnan.o(.text)
    _printf_lcs_common                       0x080010b1   Thumb Code    20  _printf_wchar.o(.text)
    _printf_wchar                            0x080010c5   Thumb Code    16  _printf_wchar.o(.text)
    _printf_wstring                          0x080010d5   Thumb Code     8  _printf_wchar.o(.text)
    _btod_etento                             0x080010dd   Thumb Code   216  bigflt0.o(.text)
    ferror                                   0x080011b9   Thumb Code     8  ferror.o(.text)
    _wcrtomb                                 0x080011c1   Thumb Code    64  _wcrtomb.o(.text)
    __user_libspace                          0x08001201   Thumb Code     8  libspace.o(.text)
    __user_perproc_libspace                  0x08001201   Thumb Code     0  libspace.o(.text)
    __user_perthread_libspace                0x08001201   Thumb Code     0  libspace.o(.text)
    __user_setup_stackheap                   0x08001209   Thumb Code    74  sys_stackheap_outer.o(.text)
    __rt_ctype_table                         0x08001255   Thumb Code    16  rt_ctype_table.o(.text)
    exit                                     0x08001265   Thumb Code    12  exit.o(.text)
    strcmp                                   0x08001271   Thumb Code   128  strcmpv7m.o(.text)
    _btod_d2e                                0x080012f1   Thumb Code    62  btod.o(CL$$btod_d2e)
    _d2e_denorm_low                          0x0800132f   Thumb Code    70  btod.o(CL$$btod_d2e_denorm_low)
    _d2e_norm_op1                            0x08001375   Thumb Code    96  btod.o(CL$$btod_d2e_norm_op1)
    __btod_div_common                        0x080013d5   Thumb Code   696  btod.o(CL$$btod_div_common)
    _e2e                                     0x0800170d   Thumb Code   198  btod.o(CL$$btod_e2e)
    _btod_ediv                               0x080017d3   Thumb Code    40  btod.o(CL$$btod_ediv)
    _btod_emul                               0x080017fb   Thumb Code    40  btod.o(CL$$btod_emul)
    __btod_mult_common                       0x08001823   Thumb Code   580  btod.o(CL$$btod_mult_common)
    ADC_Cmd                                  0x08001a67   Thumb Code    22  stm32f4xx_adc.o(i.ADC_Cmd)
    ADC_CommonInit                           0x08001a7d   Thumb Code    34  stm32f4xx_adc.o(i.ADC_CommonInit)
    ADC_GetConversionValue                   0x08001aad   Thumb Code     8  stm32f4xx_adc.o(i.ADC_GetConversionValue)
    ADC_GetFlagStatus                        0x08001ab5   Thumb Code    18  stm32f4xx_adc.o(i.ADC_GetFlagStatus)
    ADC_Init                                 0x08001ac9   Thumb Code    74  stm32f4xx_adc.o(i.ADC_Init)
    ADC_RegularChannelConfig                 0x08001b1d   Thumb Code   184  stm32f4xx_adc.o(i.ADC_RegularChannelConfig)
    ADC_SoftwareStartConv                    0x08001bd5   Thumb Code    10  stm32f4xx_adc.o(i.ADC_SoftwareStartConv)
    BEEP_GPIO_Config                         0x08001be1   Thumb Code    52  led.o(i.BEEP_GPIO_Config)
    BusFault_Handler                         0x08001c19   Thumb Code     4  stm32f4xx_it.o(i.BusFault_Handler)
    CPU_TS_TmrInit                           0x08001c1d   Thumb Code    30  delay.o(i.CPU_TS_TmrInit)
    CPU_TS_TmrRd                             0x08001c45   Thumb Code     6  delay.o(i.CPU_TS_TmrRd)
    CPU_TS_Tmr_Delay_US                      0x08001c51   Thumb Code    76  delay.o(i.CPU_TS_Tmr_Delay_US)
    DHT11_GPIO_Config                        0x08001ca5   Thumb Code    48  bsp_dht11.o(i.DHT11_GPIO_Config)
    DebugMon_Handler                         0x08001d29   Thumb Code     2  stm32f4xx_it.o(i.DebugMon_Handler)
    EXTI0_IRQHandler                         0x08001d2d   Thumb Code   200  exti.o(i.EXTI0_IRQHandler)
    EXTI1_IRQHandler                         0x08001e19   Thumb Code    10  exti.o(i.EXTI1_IRQHandler)
    EXTI2_IRQHandler                         0x08001e23   Thumb Code    10  exti.o(i.EXTI2_IRQHandler)
    EXTI3_IRQHandler                         0x08001e2d   Thumb Code   152  exti.o(i.EXTI3_IRQHandler)
    EXTI4_IRQHandler                         0x08001eed   Thumb Code   152  exti.o(i.EXTI4_IRQHandler)
    EXTIX_Init                               0x08001fad   Thumb Code   272  exti.o(i.EXTIX_Init)
    EXTI_ClearITPendingBit                   0x080020bd   Thumb Code     6  stm32f4xx_exti.o(i.EXTI_ClearITPendingBit)
    EXTI_Init                                0x080020c9   Thumb Code   142  stm32f4xx_exti.o(i.EXTI_Init)
    GPIO_Config                              0x0800215d   Thumb Code   192  main.o(i.GPIO_Config)
    GPIO_Init                                0x08002369   Thumb Code   144  stm32f4xx_gpio.o(i.GPIO_Init)
    GPIO_PinAFConfig                         0x080023f9   Thumb Code    70  stm32f4xx_gpio.o(i.GPIO_PinAFConfig)
    GPIO_ReadInputDataBit                    0x0800243f   Thumb Code    18  stm32f4xx_gpio.o(i.GPIO_ReadInputDataBit)
    GPIO_ResetBits                           0x08002451   Thumb Code     4  stm32f4xx_gpio.o(i.GPIO_ResetBits)
    GPIO_SetBits                             0x08002455   Thumb Code     4  stm32f4xx_gpio.o(i.GPIO_SetBits)
    Get_Soiladc                              0x08002459   Thumb Code    44  soil_moisture.o(i.Get_Soiladc)
    Get_Soiladc_Average                      0x08002489   Thumb Code    46  soil_moisture.o(i.Get_Soiladc_Average)
    HardFault_Handler                        0x080024b7   Thumb Code     4  stm32f4xx_it.o(i.HardFault_Handler)
    I2C_CheckEvent                           0x080024bb   Thumb Code    42  stm32f4xx_i2c.o(i.I2C_CheckEvent)
    I2C_Cmd                                  0x080024e5   Thumb Code    24  stm32f4xx_i2c.o(i.I2C_Cmd)
    I2C_Configuration                        0x080024fd   Thumb Code   148  oled_i2c.o(i.I2C_Configuration)
    I2C_GenerateSTART                        0x0800259d   Thumb Code    24  stm32f4xx_i2c.o(i.I2C_GenerateSTART)
    I2C_GenerateSTOP                         0x080025b5   Thumb Code    24  stm32f4xx_i2c.o(i.I2C_GenerateSTOP)
    I2C_GetFlagStatus                        0x080025cd   Thumb Code    58  stm32f4xx_i2c.o(i.I2C_GetFlagStatus)
    I2C_Init                                 0x08002609   Thumb Code   218  stm32f4xx_i2c.o(i.I2C_Init)
    I2C_Send7bitAddress                      0x080026f1   Thumb Code    16  stm32f4xx_i2c.o(i.I2C_Send7bitAddress)
    I2C_SendData                             0x08002701   Thumb Code     4  stm32f4xx_i2c.o(i.I2C_SendData)
    I2C_WriteByte                            0x08002705   Thumb Code   126  oled_i2c.o(i.I2C_WriteByte)
    KEY01_GPIO_Config                        0x08002791   Thumb Code    42  key.o(i.KEY01_GPIO_Config)
    KEYUP_GPIO_Config                        0x080027c1   Thumb Code    42  key.o(i.KEYUP_GPIO_Config)
    LED_GPIO_Config                          0x080027f1   Thumb Code    54  led.o(i.LED_GPIO_Config)
    MemManage_Handler                        0x0800282d   Thumb Code     4  stm32f4xx_it.o(i.MemManage_Handler)
    NMI_Handler                              0x08002831   Thumb Code     2  stm32f4xx_it.o(i.NMI_Handler)
    NVIC_Init                                0x08002835   Thumb Code   106  misc.o(i.NVIC_Init)
    NVIC_PriorityGroupConfig                 0x080028ad   Thumb Code    10  misc.o(i.NVIC_PriorityGroupConfig)
    Ncllds12HL_GPIO_Config                   0x080028c1   Thumb Code    42  ncllds.o(i.Ncllds12HL_GPIO_Config)
    OLED_Dateout                             0x080028f1   Thumb Code   516  main.o(i.OLED_Dateout)
    OLED_Fill                                0x08002c95   Thumb Code    58  oled_i2c.o(i.OLED_Fill)
    OLED_Init                                0x08002ccf   Thumb Code   172  oled_i2c.o(i.OLED_Init)
    OLED_SetPos                              0x08002d7b   Thumb Code    40  oled_i2c.o(i.OLED_SetPos)
    OLED_ShowCN                              0x08002da5   Thumb Code    80  oled_i2c.o(i.OLED_ShowCN)
    OLED_ShowStr                             0x08002df9   Thumb Code   228  oled_i2c.o(i.OLED_ShowStr)
    PendSV_Handler                           0x08002ee5   Thumb Code     2  stm32f4xx_it.o(i.PendSV_Handler)
    RCC_AHB1PeriphClockCmd                   0x08002ee9   Thumb Code    26  stm32f4xx_rcc.o(i.RCC_AHB1PeriphClockCmd)
    RCC_APB1PeriphClockCmd                   0x08002f09   Thumb Code    26  stm32f4xx_rcc.o(i.RCC_APB1PeriphClockCmd)
    RCC_APB2PeriphClockCmd                   0x08002f29   Thumb Code    26  stm32f4xx_rcc.o(i.RCC_APB2PeriphClockCmd)
    RCC_APB2PeriphResetCmd                   0x08002f49   Thumb Code    26  stm32f4xx_rcc.o(i.RCC_APB2PeriphResetCmd)
    RCC_GetClocksFreq                        0x08002f69   Thumb Code   214  stm32f4xx_rcc.o(i.RCC_GetClocksFreq)
    RELAY_GPIO_Config                        0x08003051   Thumb Code    54  relay.o(i.RELAY_GPIO_Config)
    Read_DHT11                               0x080030ed   Thumb Code   200  bsp_dht11.o(i.Read_DHT11)
    SVC_Handler                              0x080031b9   Thumb Code     2  stm32f4xx_it.o(i.SVC_Handler)
    SYSCFG_EXTILineConfig                    0x080031bd   Thumb Code    60  stm32f4xx_syscfg.o(i.SYSCFG_EXTILineConfig)
    SoilADC_Dateout                          0x080032e9   Thumb Code   150  main.o(i.SoilADC_Dateout)
    Soiladc_Init                             0x080033c1   Thumb Code   124  soil_moisture.o(i.Soiladc_Init)
    SysTick_CLKSourceConfig                  0x08003445   Thumb Code    40  misc.o(i.SysTick_CLKSourceConfig)
    SysTick_Handler                          0x0800346d   Thumb Code     2  stm32f4xx_it.o(i.SysTick_Handler)
    SystemInit                               0x08003471   Thumb Code    88  system_stm32f4xx.o(i.SystemInit)
    TIM3_IRQHandler                          0x080034d9   Thumb Code    44  timer.o(i.TIM3_IRQHandler)
    TIM3_Int_Init                            0x08003509   Thumb Code    88  timer.o(i.TIM3_Int_Init)
    TIM_ClearITPendingBit                    0x08003565   Thumb Code     6  stm32f4xx_tim.o(i.TIM_ClearITPendingBit)
    TIM_Cmd                                  0x0800356b   Thumb Code    24  stm32f4xx_tim.o(i.TIM_Cmd)
    TIM_GetITStatus                          0x08003583   Thumb Code    34  stm32f4xx_tim.o(i.TIM_GetITStatus)
    TIM_ITConfig                             0x080035a5   Thumb Code    18  stm32f4xx_tim.o(i.TIM_ITConfig)
    TIM_TimeBaseInit                         0x080035b9   Thumb Code   104  stm32f4xx_tim.o(i.TIM_TimeBaseInit)
    USART1_IRQHandler                        0x0800363d   Thumb Code   122  usart.o(i.USART1_IRQHandler)
    USART2_IRQHandler                        0x080036c5   Thumb Code   122  usart.o(i.USART2_IRQHandler)
    USART_Cmd                                0x0800374d   Thumb Code    24  stm32f4xx_usart.o(i.USART_Cmd)
    USART_GetFlagStatus                      0x08003765   Thumb Code    26  stm32f4xx_usart.o(i.USART_GetFlagStatus)
    USART_GetITStatus                        0x0800377f   Thumb Code    84  stm32f4xx_usart.o(i.USART_GetITStatus)
    USART_ITConfig                           0x080037d3   Thumb Code    74  stm32f4xx_usart.o(i.USART_ITConfig)
    USART_Init                               0x0800381d   Thumb Code   204  stm32f4xx_usart.o(i.USART_Init)
    USART_ReceiveData                        0x080038f1   Thumb Code    10  stm32f4xx_usart.o(i.USART_ReceiveData)
    USART_SendData                           0x080038fb   Thumb Code     8  stm32f4xx_usart.o(i.USART_SendData)
    UsageFault_Handler                       0x08003903   Thumb Code     4  stm32f4xx_it.o(i.UsageFault_Handler)
    WIFIlink_Encode                          0x08003909   Thumb Code   824  main.o(i.WIFIlink_Encode)
    Wifi_Init                                0x08003ced   Thumb Code   202  esp8266.o(i.Wifi_Init)
    WriteCmd                                 0x08003ecd   Thumb Code    14  oled_i2c.o(i.WriteCmd)
    WriteDat                                 0x08003edb   Thumb Code    14  oled_i2c.o(i.WriteDat)
    __ARM_fpclassify                         0x08003ee9   Thumb Code    48  fpclassify.o(i.__ARM_fpclassify)
    _is_digit                                0x08003f19   Thumb Code    14  __printf_wp.o(i._is_digit)
    _sys_exit                                0x08003f27   Thumb Code     4  usart.o(i._sys_exit)
    delay_init                               0x08003f2d   Thumb Code    52  delay.o(i.delay_init)
    delay_ms                                 0x08003f69   Thumb Code    56  delay.o(i.delay_ms)
    delay_xms                                0x08003fa1   Thumb Code    72  delay.o(i.delay_xms)
    fputc                                    0x08003fed   Thumb Code    22  usart.o(i.fputc)
    main                                     0x08004009   Thumb Code   904  main.o(i.main)
    oled_on                                  0x080043d5   Thumb Code   208  main.o(i.oled_on)
    u2_printf                                0x080044ed   Thumb Code    72  usart.o(i.u2_printf)
    uart2_init                               0x0800453d   Thumb Code   162  usart.o(i.uart2_init)
    uart_DHT11_output                        0x080045e9   Thumb Code   190  main.o(i.uart_DHT11_output)
    uart_init                                0x080046f9   Thumb Code   164  usart.o(i.uart_init)
    _get_lc_numeric                          0x080047a5   Thumb Code    44  lc_numeric_c.o(locale$$code)
    _get_lc_ctype                            0x080047d1   Thumb Code    44  lc_ctype_c.o(locale$$code)
    __aeabi_d2f                              0x080047fd   Thumb Code     0  d2f.o(x$fpl$d2f)
    _d2f                                     0x080047fd   Thumb Code    98  d2f.o(x$fpl$d2f)
    __aeabi_dadd                             0x08004861   Thumb Code     0  daddsub_clz.o(x$fpl$dadd)
    _dadd                                    0x08004861   Thumb Code   332  daddsub_clz.o(x$fpl$dadd)
    __aeabi_dmul                             0x080049b1   Thumb Code     0  dmul.o(x$fpl$dmul)
    _dmul                                    0x080049b1   Thumb Code   332  dmul.o(x$fpl$dmul)
    __fpl_dnaninf                            0x08004b05   Thumb Code   156  dnaninf.o(x$fpl$dnaninf)
    __fpl_dretinf                            0x08004ba1   Thumb Code    12  dretinf.o(x$fpl$dretinf)
    __aeabi_drsub                            0x08004bad   Thumb Code     0  daddsub_clz.o(x$fpl$drsb)
    _drsb                                    0x08004bad   Thumb Code    22  daddsub_clz.o(x$fpl$drsb)
    __aeabi_dsub                             0x08004bc5   Thumb Code     0  daddsub_clz.o(x$fpl$dsub)
    _dsub                                    0x08004bc5   Thumb Code   464  daddsub_clz.o(x$fpl$dsub)
    __aeabi_f2d                              0x08004d99   Thumb Code     0  f2d.o(x$fpl$f2d)
    _f2d                                     0x08004d99   Thumb Code    86  f2d.o(x$fpl$f2d)
    __fpl_fnaninf                            0x08004def   Thumb Code   140  fnaninf.o(x$fpl$fnaninf)
    _fp_init                                 0x08004e7b   Thumb Code    10  fpinit.o(x$fpl$fpinit)
    __fplib_config_fpu_vfp                   0x08004e83   Thumb Code     0  fpinit.o(x$fpl$fpinit)
    __fplib_config_pureend_doubles           0x08004e83   Thumb Code     0  fpinit.o(x$fpl$fpinit)
    __fpl_fretinf                            0x08004e85   Thumb Code    10  fretinf.o(x$fpl$fretinf)
    _printf_fp_dec                           0x08004e8f   Thumb Code     4  printf1.o(x$fpl$printf1)
    __I$use$fp                               0x08004e92   Number         0  usenofp.o(x$fpl$usenofp)
    F6x8                                     0x08004ea8   Data         552  oled_i2c.o(.constdata)
    F8X16                                    0x080050d0   Data        1520  oled_i2c.o(.constdata)
    Region$$Table$$Base                      0x080057dc   Number         0  anon$$obj.o(Region$$Table)
    Region$$Table$$Limit                     0x080057fc   Number         0  anon$$obj.o(Region$$Table)
    __ctype                                  0x08005825   Data           0  lc_ctype_c.o(locale$$data)
    DHT11_Data                               0x20000000   Data           5  main.o(.data)
    adcx                                     0x20000006   Data           2  main.o(.data)
    temp                                     0x20000008   Data           4  main.o(.data)
    SORH                                     0x2000000c   Data           4  main.o(.data)
    SystemCoreClock                          0x20000028   Data           4  system_stm32f4xx.o(.data)
    AHBPrescTable                            0x2000002c   Data          16  system_stm32f4xx.o(.data)
    a                                        0x2000003c   Data           4  exti.o(.data)
    NCLLDS_HL_FLAG                           0x20000040   Data           4  exti.o(.data)
    KEYUP_FLAG                               0x20000044   Data           4  exti.o(.data)
    KEY0_FLAG                                0x20000048   Data           4  exti.o(.data)
    KEY1_FLAG                                0x2000004c   Data           4  exti.o(.data)
    NCLLDS_H_FLAG                            0x20000050   Data           4  exti.o(.data)
    NCLLDS_L_FLAG                            0x20000054   Data           4  exti.o(.data)
    SoilRH_FLAG                              0x20000058   Data           4  exti.o(.data)
    Fan_FLAG                                 0x2000005c   Data           4  exti.o(.data)
    F16x16                                   0x2000006c   Data         320  oled_i2c.o(.data)
    BMP1                                     0x200001ac   Data        1024  oled_i2c.o(.data)
    WIFI_Mode_FLAG                           0x200005ac   Data           4  esp8266.o(.data)
    __stdout                                 0x200005b4   Data           4  usart.o(.data)
    USART_RX_STA                             0x200005b8   Data           2  usart.o(.data)
    USART2_RX_STA                            0x200005ba   Data           2  usart.o(.data)
    MTF01_Date                               0x200005bc   Data           1  usart.o(.data)
    Sorh                                     0x200005d0   Data          10  main.o(.bss)
    Sorh_motor                               0x200005da   Data          10  main.o(.bss)
    NCLLDS_HL                                0x200005e4   Data          10  main.o(.bss)
    NCLLDS_H                                 0x200005ee   Data          10  main.o(.bss)
    NCLLDS_L                                 0x200005f8   Data          10  main.o(.bss)
    FAN                                      0x20000602   Data          10  main.o(.bss)
    DHT_humii                                0x2000060c   Data          10  main.o(.bss)
    DHT_humid                                0x20000616   Data          10  main.o(.bss)
    DHT_tempi                                0x20000620   Data          10  main.o(.bss)
    DHT_tempd                                0x2000062a   Data          10  main.o(.bss)
    REEncode                                 0x20000634   Data          20  main.o(.bss)
    USART_RX_BUF                             0x20000648   Data         200  usart.o(.bss)
    USART2_RX_BUF                            0x20000710   Data         200  usart.o(.bss)
    __libspace_start                         0x200007d8   Data          96  libspace.o(.bss)
    __temporary_stack_top$libspace           0x20000838   Data           0  libspace.o(.bss)



==============================================================================

Memory Map of the image

  Image Entry point : 0x08000189

  Load Region LR_IROM1 (Base: 0x08000000, Size: 0x00005ef8, Max: 0x00080000, ABSOLUTE, COMPRESSED[0x00005b54])

    Execution Region ER_IROM1 (Base: 0x08000000, Size: 0x00005928, Max: 0x00080000, ABSOLUTE)

    Base Addr    Size         Type   Attr      Idx    E Section Name        Object

    0x08000000   0x00000188   Data   RO          960    RESET               startup_stm32f40_41xxx.o
    0x08000188   0x00000008   Code   RO         2966  * !!!main             c_w.l(__main.o)
    0x08000190   0x00000034   Code   RO         3275    !!!scatter          c_w.l(__scatter.o)
    0x080001c4   0x0000005a   Code   RO         3273    !!dczerorl2         c_w.l(__dczerorl2.o)
    0x0800021e   0x00000002   PAD
    0x08000220   0x0000001c   Code   RO         3277    !!handler_zi        c_w.l(__scatter_zi.o)
    0x0800023c   0x00000000   Code   RO         2953    .ARM.Collect$$_printf_percent$$00000000  c_w.l(_printf_percent.o)
    0x0800023c   0x00000006   Code   RO         3038    .ARM.Collect$$_printf_percent$$00000001  c_w.l(_printf_n.o)
    0x08000242   0x00000006   Code   RO         3040    .ARM.Collect$$_printf_percent$$00000002  c_w.l(_printf_p.o)
    0x08000248   0x00000006   Code   RO         2952    .ARM.Collect$$_printf_percent$$00000003  c_w.l(_printf_f.o)
    0x0800024e   0x00000006   Code   RO         3044    .ARM.Collect$$_printf_percent$$00000004  c_w.l(_printf_e.o)
    0x08000254   0x00000006   Code   RO         3045    .ARM.Collect$$_printf_percent$$00000005  c_w.l(_printf_g.o)
    0x0800025a   0x00000006   Code   RO         3046    .ARM.Collect$$_printf_percent$$00000006  c_w.l(_printf_a.o)
    0x08000260   0x0000000a   Code   RO         3051    .ARM.Collect$$_printf_percent$$00000007  c_w.l(_printf_ll.o)
    0x0800026a   0x00000006   Code   RO         3042    .ARM.Collect$$_printf_percent$$00000008  c_w.l(_printf_i.o)
    0x08000270   0x00000006   Code   RO         2951    .ARM.Collect$$_printf_percent$$00000009  c_w.l(_printf_d.o)
    0x08000276   0x00000006   Code   RO         3043    .ARM.Collect$$_printf_percent$$0000000A  c_w.l(_printf_u.o)
    0x0800027c   0x00000006   Code   RO         3041    .ARM.Collect$$_printf_percent$$0000000B  c_w.l(_printf_o.o)
    0x08000282   0x00000006   Code   RO         3039    .ARM.Collect$$_printf_percent$$0000000C  c_w.l(_printf_x.o)
    0x08000288   0x00000006   Code   RO         3048    .ARM.Collect$$_printf_percent$$0000000D  c_w.l(_printf_lli.o)
    0x0800028e   0x00000006   Code   RO         3049    .ARM.Collect$$_printf_percent$$0000000E  c_w.l(_printf_lld.o)
    0x08000294   0x00000006   Code   RO         3050    .ARM.Collect$$_printf_percent$$0000000F  c_w.l(_printf_llu.o)
    0x0800029a   0x00000006   Code   RO         3055    .ARM.Collect$$_printf_percent$$00000010  c_w.l(_printf_llo.o)
    0x080002a0   0x00000006   Code   RO         3056    .ARM.Collect$$_printf_percent$$00000011  c_w.l(_printf_llx.o)
    0x080002a6   0x0000000a   Code   RO         3052    .ARM.Collect$$_printf_percent$$00000012  c_w.l(_printf_l.o)
    0x080002b0   0x00000006   Code   RO         3037    .ARM.Collect$$_printf_percent$$00000013  c_w.l(_printf_c.o)
    0x080002b6   0x00000006   Code   RO         2950    .ARM.Collect$$_printf_percent$$00000014  c_w.l(_printf_s.o)
    0x080002bc   0x00000006   Code   RO         3053    .ARM.Collect$$_printf_percent$$00000015  c_w.l(_printf_lc.o)
    0x080002c2   0x00000006   Code   RO         3054    .ARM.Collect$$_printf_percent$$00000016  c_w.l(_printf_ls.o)
    0x080002c8   0x00000004   Code   RO         3047    .ARM.Collect$$_printf_percent$$00000017  c_w.l(_printf_percent_end.o)
    0x080002cc   0x00000002   Code   RO         3148    .ARM.Collect$$libinit$$00000000  c_w.l(libinit.o)
    0x080002ce   0x00000004   Code   RO         3149    .ARM.Collect$$libinit$$00000001  c_w.l(libinit2.o)
    0x080002d2   0x00000000   Code   RO         3152    .ARM.Collect$$libinit$$00000004  c_w.l(libinit2.o)
    0x080002d2   0x00000000   Code   RO         3155    .ARM.Collect$$libinit$$0000000A  c_w.l(libinit2.o)
    0x080002d2   0x00000000   Code   RO         3157    .ARM.Collect$$libinit$$0000000C  c_w.l(libinit2.o)
    0x080002d2   0x00000000   Code   RO         3159    .ARM.Collect$$libinit$$0000000E  c_w.l(libinit2.o)
    0x080002d2   0x00000006   Code   RO         3160    .ARM.Collect$$libinit$$0000000F  c_w.l(libinit2.o)
    0x080002d8   0x00000000   Code   RO         3162    .ARM.Collect$$libinit$$00000011  c_w.l(libinit2.o)
    0x080002d8   0x0000000c   Code   RO         3163    .ARM.Collect$$libinit$$00000012  c_w.l(libinit2.o)
    0x080002e4   0x00000000   Code   RO         3164    .ARM.Collect$$libinit$$00000013  c_w.l(libinit2.o)
    0x080002e4   0x00000000   Code   RO         3166    .ARM.Collect$$libinit$$00000015  c_w.l(libinit2.o)
    0x080002e4   0x0000000a   Code   RO         3167    .ARM.Collect$$libinit$$00000016  c_w.l(libinit2.o)
    0x080002ee   0x00000000   Code   RO         3168    .ARM.Collect$$libinit$$00000017  c_w.l(libinit2.o)
    0x080002ee   0x00000000   Code   RO         3170    .ARM.Collect$$libinit$$00000019  c_w.l(libinit2.o)
    0x080002ee   0x00000000   Code   RO         3172    .ARM.Collect$$libinit$$0000001B  c_w.l(libinit2.o)
    0x080002ee   0x00000000   Code   RO         3174    .ARM.Collect$$libinit$$0000001D  c_w.l(libinit2.o)
    0x080002ee   0x00000000   Code   RO         3176    .ARM.Collect$$libinit$$0000001F  c_w.l(libinit2.o)
    0x080002ee   0x00000000   Code   RO         3178    .ARM.Collect$$libinit$$00000021  c_w.l(libinit2.o)
    0x080002ee   0x00000000   Code   RO         3180    .ARM.Collect$$libinit$$00000023  c_w.l(libinit2.o)
    0x080002ee   0x00000000   Code   RO         3182    .ARM.Collect$$libinit$$00000025  c_w.l(libinit2.o)
    0x080002ee   0x00000000   Code   RO         3186    .ARM.Collect$$libinit$$0000002C  c_w.l(libinit2.o)
    0x080002ee   0x00000000   Code   RO         3188    .ARM.Collect$$libinit$$0000002E  c_w.l(libinit2.o)
    0x080002ee   0x00000000   Code   RO         3190    .ARM.Collect$$libinit$$00000030  c_w.l(libinit2.o)
    0x080002ee   0x00000000   Code   RO         3192    .ARM.Collect$$libinit$$00000032  c_w.l(libinit2.o)
    0x080002ee   0x00000002   Code   RO         3193    .ARM.Collect$$libinit$$00000033  c_w.l(libinit2.o)
    0x080002f0   0x00000002   Code   RO         3224    .ARM.Collect$$libshutdown$$00000000  c_w.l(libshutdown.o)
    0x080002f2   0x00000000   Code   RO         3234    .ARM.Collect$$libshutdown$$00000003  c_w.l(libshutdown2.o)
    0x080002f2   0x00000000   Code   RO         3237    .ARM.Collect$$libshutdown$$00000006  c_w.l(libshutdown2.o)
    0x080002f2   0x00000000   Code   RO         3240    .ARM.Collect$$libshutdown$$00000009  c_w.l(libshutdown2.o)
    0x080002f2   0x00000000   Code   RO         3242    .ARM.Collect$$libshutdown$$0000000B  c_w.l(libshutdown2.o)
    0x080002f2   0x00000000   Code   RO         3245    .ARM.Collect$$libshutdown$$0000000E  c_w.l(libshutdown2.o)
    0x080002f2   0x00000002   Code   RO         3246    .ARM.Collect$$libshutdown$$0000000F  c_w.l(libshutdown2.o)
    0x080002f4   0x00000000   Code   RO         2984    .ARM.Collect$$rtentry$$00000000  c_w.l(__rtentry.o)
    0x080002f4   0x00000000   Code   RO         3067    .ARM.Collect$$rtentry$$00000002  c_w.l(__rtentry2.o)
    0x080002f4   0x00000006   Code   RO         3079    .ARM.Collect$$rtentry$$00000004  c_w.l(__rtentry4.o)
    0x080002fa   0x00000000   Code   RO         3069    .ARM.Collect$$rtentry$$00000009  c_w.l(__rtentry2.o)
    0x080002fa   0x00000004   Code   RO         3070    .ARM.Collect$$rtentry$$0000000A  c_w.l(__rtentry2.o)
    0x080002fe   0x00000000   Code   RO         3072    .ARM.Collect$$rtentry$$0000000C  c_w.l(__rtentry2.o)
    0x080002fe   0x00000008   Code   RO         3073    .ARM.Collect$$rtentry$$0000000D  c_w.l(__rtentry2.o)
    0x08000306   0x00000002   Code   RO         3194    .ARM.Collect$$rtexit$$00000000  c_w.l(rtexit.o)
    0x08000308   0x00000000   Code   RO         3204    .ARM.Collect$$rtexit$$00000002  c_w.l(rtexit2.o)
    0x08000308   0x00000004   Code   RO         3205    .ARM.Collect$$rtexit$$00000003  c_w.l(rtexit2.o)
    0x0800030c   0x00000006   Code   RO         3206    .ARM.Collect$$rtexit$$00000004  c_w.l(rtexit2.o)
    0x08000312   0x00000002   PAD
    0x08000314   0x00000040   Code   RO          961    .text               startup_stm32f40_41xxx.o
    0x08000354   0x00000002   Code   RO         2908    .text               c_w.l(use_no_semi_2.o)
    0x08000356   0x00000002   PAD
    0x08000358   0x00000024   Code   RO         2910    .text               c_w.l(c89vsprintf.o)
    0x0800037c   0x00000018   Code   RO         2912    .text               c_w.l(__2printf.o)
    0x08000394   0x0000002c   Code   RO         2914    .text               c_w.l(__2sprintf.o)
    0x080003c0   0x00000038   Code   RO         2916    .text               c_w.l(__2snprintf.o)
    0x080003f8   0x00000052   Code   RO         2926    .text               c_w.l(_printf_str.o)
    0x0800044a   0x00000002   PAD
    0x0800044c   0x00000078   Code   RO         2928    .text               c_w.l(_printf_dec.o)
    0x080004c4   0x00000188   Code   RO         2947    .text               c_w.l(__printf_flags_ss_wp.o)
    0x0800064c   0x0000003e   Code   RO         2954    .text               c_w.l(strlen.o)
    0x0800068a   0x00000018   Code   RO         2956    .text               c_w.l(strcat.o)
    0x080006a2   0x00000064   Code   RO         2960    .text               c_w.l(rt_memcpy_w.o)
    0x08000706   0x0000004e   Code   RO         2962    .text               c_w.l(rt_memclr_w.o)
    0x08000754   0x00000006   Code   RO         2964    .text               c_w.l(heapauxi.o)
    0x0800075a   0x00000002   Code   RO         2982    .text               c_w.l(use_no_semi.o)
    0x0800075c   0x0000004e   Code   RO         2985    .text               c_w.l(_printf_pad.o)
    0x080007aa   0x00000024   Code   RO         2987    .text               c_w.l(_printf_truncate.o)
    0x080007ce   0x000000b2   Code   RO         2989    .text               c_w.l(_printf_intcommon.o)
    0x08000880   0x00000028   Code   RO         2991    .text               c_w.l(_printf_charcount.o)
    0x080008a8   0x0000041a   Code   RO         2993    .text               c_w.l(_printf_fp_dec.o)
    0x08000cc2   0x00000002   PAD
    0x08000cc4   0x00000030   Code   RO         2995    .text               c_w.l(_printf_char_common.o)
    0x08000cf4   0x0000000a   Code   RO         2997    .text               c_w.l(_sputc.o)
    0x08000cfe   0x00000010   Code   RO         2999    .text               c_w.l(_snputc.o)
    0x08000d0e   0x0000002c   Code   RO         3001    .text               c_w.l(_printf_char.o)
    0x08000d3a   0x00000002   PAD
    0x08000d3c   0x00000024   Code   RO         3003    .text               c_w.l(_printf_char_file.o)
    0x08000d60   0x000000bc   Code   RO         3005    .text               c_w.l(_printf_wctomb.o)
    0x08000e1c   0x0000007c   Code   RO         3008    .text               c_w.l(_printf_longlong_dec.o)
    0x08000e98   0x00000070   Code   RO         3014    .text               c_w.l(_printf_oct_int_ll.o)
    0x08000f08   0x00000094   Code   RO         3034    .text               c_w.l(_printf_hex_int_ll_ptr.o)
    0x08000f9c   0x00000008   Code   RO         3084    .text               c_w.l(rt_locale_intlibspace.o)
    0x08000fa4   0x0000008a   Code   RO         3086    .text               c_w.l(lludiv10.o)
    0x0800102e   0x00000002   PAD
    0x08001030   0x00000080   Code   RO         3088    .text               c_w.l(_printf_fp_infnan.o)
    0x080010b0   0x0000002c   Code   RO         3092    .text               c_w.l(_printf_wchar.o)
    0x080010dc   0x000000dc   Code   RO         3094    .text               c_w.l(bigflt0.o)
    0x080011b8   0x00000008   Code   RO         3119    .text               c_w.l(ferror.o)
    0x080011c0   0x00000040   Code   RO         3123    .text               c_w.l(_wcrtomb.o)
    0x08001200   0x00000008   Code   RO         3132    .text               c_w.l(libspace.o)
    0x08001208   0x0000004a   Code   RO         3135    .text               c_w.l(sys_stackheap_outer.o)
    0x08001252   0x00000002   PAD
    0x08001254   0x00000010   Code   RO         3137    .text               c_w.l(rt_ctype_table.o)
    0x08001264   0x0000000c   Code   RO         3139    .text               c_w.l(exit.o)
    0x08001270   0x00000080   Code   RO         3141    .text               c_w.l(strcmpv7m.o)
    0x080012f0   0x0000003e   Code   RO         3097    CL$$btod_d2e        c_w.l(btod.o)
    0x0800132e   0x00000046   Code   RO         3099    CL$$btod_d2e_denorm_low  c_w.l(btod.o)
    0x08001374   0x00000060   Code   RO         3098    CL$$btod_d2e_norm_op1  c_w.l(btod.o)
    0x080013d4   0x00000338   Code   RO         3107    CL$$btod_div_common  c_w.l(btod.o)
    0x0800170c   0x000000c6   Code   RO         3104    CL$$btod_e2e        c_w.l(btod.o)
    0x080017d2   0x00000028   Code   RO         3101    CL$$btod_ediv       c_w.l(btod.o)
    0x080017fa   0x00000028   Code   RO         3100    CL$$btod_emul       c_w.l(btod.o)
    0x08001822   0x00000244   Code   RO         3106    CL$$btod_mult_common  c_w.l(btod.o)
    0x08001a66   0x00000016   Code   RO         1979    i.ADC_Cmd           stm32f4xx_adc.o
    0x08001a7c   0x00000030   Code   RO         1980    i.ADC_CommonInit    stm32f4xx_adc.o
    0x08001aac   0x00000008   Code   RO         1991    i.ADC_GetConversionValue  stm32f4xx_adc.o
    0x08001ab4   0x00000012   Code   RO         1992    i.ADC_GetFlagStatus  stm32f4xx_adc.o
    0x08001ac6   0x00000002   PAD
    0x08001ac8   0x00000054   Code   RO         1999    i.ADC_Init          stm32f4xx_adc.o
    0x08001b1c   0x000000b8   Code   RO         2004    i.ADC_RegularChannelConfig  stm32f4xx_adc.o
    0x08001bd4   0x0000000a   Code   RO         2006    i.ADC_SoftwareStartConv  stm32f4xx_adc.o
    0x08001bde   0x00000002   PAD
    0x08001be0   0x00000038   Code   RO          372    i.BEEP_GPIO_Config  led.o
    0x08001c18   0x00000004   Code   RO          238    i.BusFault_Handler  stm32f4xx_it.o
    0x08001c1c   0x00000028   Code   RO          814    i.CPU_TS_TmrInit    delay.o
    0x08001c44   0x0000000c   Code   RO          815    i.CPU_TS_TmrRd      delay.o
    0x08001c50   0x00000054   Code   RO          816    i.CPU_TS_Tmr_Delay_US  delay.o
    0x08001ca4   0x00000034   Code   RO          516    i.DHT11_GPIO_Config  bsp_dht11.o
    0x08001cd8   0x00000024   Code   RO          517    i.DHT11_Mode_IPU    bsp_dht11.o
    0x08001cfc   0x0000002c   Code   RO          518    i.DHT11_Mode_Out_PP  bsp_dht11.o
    0x08001d28   0x00000002   Code   RO          239    i.DebugMon_Handler  stm32f4xx_it.o
    0x08001d2a   0x00000002   PAD
    0x08001d2c   0x000000ec   Code   RO          443    i.EXTI0_IRQHandler  exti.o
    0x08001e18   0x0000000a   Code   RO          444    i.EXTI1_IRQHandler  exti.o
    0x08001e22   0x0000000a   Code   RO          445    i.EXTI2_IRQHandler  exti.o
    0x08001e2c   0x000000c0   Code   RO          446    i.EXTI3_IRQHandler  exti.o
    0x08001eec   0x000000c0   Code   RO          447    i.EXTI4_IRQHandler  exti.o
    0x08001fac   0x00000110   Code   RO          448    i.EXTIX_Init        exti.o
    0x080020bc   0x0000000c   Code   RO         1110    i.EXTI_ClearITPendingBit  stm32f4xx_exti.o
    0x080020c8   0x00000094   Code   RO         1115    i.EXTI_Init         stm32f4xx_exti.o
    0x0800215c   0x0000020c   Code   RO            3    i.GPIO_Config       main.o
    0x08002368   0x00000090   Code   RO         1012    i.GPIO_Init         stm32f4xx_gpio.o
    0x080023f8   0x00000046   Code   RO         1013    i.GPIO_PinAFConfig  stm32f4xx_gpio.o
    0x0800243e   0x00000012   Code   RO         1016    i.GPIO_ReadInputDataBit  stm32f4xx_gpio.o
    0x08002450   0x00000004   Code   RO         1019    i.GPIO_ResetBits    stm32f4xx_gpio.o
    0x08002454   0x00000004   Code   RO         1020    i.GPIO_SetBits      stm32f4xx_gpio.o
    0x08002458   0x00000030   Code   RO          756    i.Get_Soiladc       soil_moisture.o
    0x08002488   0x0000002e   Code   RO          757    i.Get_Soiladc_Average  soil_moisture.o
    0x080024b6   0x00000004   Code   RO          240    i.HardFault_Handler  stm32f4xx_it.o
    0x080024ba   0x0000002a   Code   RO         1753    i.I2C_CheckEvent    stm32f4xx_i2c.o
    0x080024e4   0x00000018   Code   RO         1756    i.I2C_Cmd           stm32f4xx_i2c.o
    0x080024fc   0x000000a0   Code   RO          557    i.I2C_Configuration  oled_i2c.o
    0x0800259c   0x00000018   Code   RO         1764    i.I2C_GenerateSTART  stm32f4xx_i2c.o
    0x080025b4   0x00000018   Code   RO         1765    i.I2C_GenerateSTOP  stm32f4xx_i2c.o
    0x080025cc   0x0000003a   Code   RO         1766    i.I2C_GetFlagStatus  stm32f4xx_i2c.o
    0x08002606   0x00000002   PAD
    0x08002608   0x000000e8   Code   RO         1771    i.I2C_Init          stm32f4xx_i2c.o
    0x080026f0   0x00000010   Code   RO         1778    i.I2C_Send7bitAddress  stm32f4xx_i2c.o
    0x08002700   0x00000004   Code   RO         1779    i.I2C_SendData      stm32f4xx_i2c.o
    0x08002704   0x0000008c   Code   RO          558    i.I2C_WriteByte     oled_i2c.o
    0x08002790   0x00000030   Code   RO          398    i.KEY01_GPIO_Config  key.o
    0x080027c0   0x00000030   Code   RO          399    i.KEYUP_GPIO_Config  key.o
    0x080027f0   0x0000003c   Code   RO          373    i.LED_GPIO_Config   led.o
    0x0800282c   0x00000004   Code   RO          241    i.MemManage_Handler  stm32f4xx_it.o
    0x08002830   0x00000002   Code   RO          242    i.NMI_Handler       stm32f4xx_it.o
    0x08002832   0x00000002   PAD
    0x08002834   0x00000078   Code   RO          967    i.NVIC_Init         misc.o
    0x080028ac   0x00000014   Code   RO          968    i.NVIC_PriorityGroupConfig  misc.o
    0x080028c0   0x00000030   Code   RO          725    i.Ncllds12HL_GPIO_Config  ncllds.o
    0x080028f0   0x000003a4   Code   RO            4    i.OLED_Dateout      main.o
    0x08002c94   0x0000003a   Code   RO          561    i.OLED_Fill         oled_i2c.o
    0x08002cce   0x000000ac   Code   RO          562    i.OLED_Init         oled_i2c.o
    0x08002d7a   0x00000028   Code   RO          565    i.OLED_SetPos       oled_i2c.o
    0x08002da2   0x00000002   PAD
    0x08002da4   0x00000054   Code   RO          566    i.OLED_ShowCN       oled_i2c.o
    0x08002df8   0x000000ec   Code   RO          567    i.OLED_ShowStr      oled_i2c.o
    0x08002ee4   0x00000002   Code   RO          243    i.PendSV_Handler    stm32f4xx_it.o
    0x08002ee6   0x00000002   PAD
    0x08002ee8   0x00000020   Code   RO         1171    i.RCC_AHB1PeriphClockCmd  stm32f4xx_rcc.o
    0x08002f08   0x00000020   Code   RO         1180    i.RCC_APB1PeriphClockCmd  stm32f4xx_rcc.o
    0x08002f28   0x00000020   Code   RO         1183    i.RCC_APB2PeriphClockCmd  stm32f4xx_rcc.o
    0x08002f48   0x00000020   Code   RO         1185    i.RCC_APB2PeriphResetCmd  stm32f4xx_rcc.o
    0x08002f68   0x000000e8   Code   RO         1192    i.RCC_GetClocksFreq  stm32f4xx_rcc.o
    0x08003050   0x0000003c   Code   RO          496    i.RELAY_GPIO_Config  relay.o
    0x0800308c   0x00000060   Code   RO          519    i.Read_Byte         bsp_dht11.o
    0x080030ec   0x000000cc   Code   RO          520    i.Read_DHT11        bsp_dht11.o
    0x080031b8   0x00000002   Code   RO          244    i.SVC_Handler       stm32f4xx_it.o
    0x080031ba   0x00000002   PAD
    0x080031bc   0x00000040   Code   RO         1508    i.SYSCFG_EXTILineConfig  stm32f4xx_syscfg.o
    0x080031fc   0x000000ec   Code   RO          335    i.SetSysClock       system_stm32f4xx.o
    0x080032e8   0x000000d8   Code   RO            5    i.SoilADC_Dateout   main.o
    0x080033c0   0x00000084   Code   RO          758    i.Soiladc_Init      soil_moisture.o
    0x08003444   0x00000028   Code   RO          971    i.SysTick_CLKSourceConfig  misc.o
    0x0800346c   0x00000002   Code   RO          245    i.SysTick_Handler   stm32f4xx_it.o
    0x0800346e   0x00000002   PAD
    0x08003470   0x00000068   Code   RO          337    i.SystemInit        system_stm32f4xx.o
    0x080034d8   0x00000030   Code   RO          788    i.TIM3_IRQHandler   timer.o
    0x08003508   0x0000005c   Code   RO          789    i.TIM3_Int_Init     timer.o
    0x08003564   0x00000006   Code   RO         2357    i.TIM_ClearITPendingBit  stm32f4xx_tim.o
    0x0800356a   0x00000018   Code   RO         2362    i.TIM_Cmd           stm32f4xx_tim.o
    0x08003582   0x00000022   Code   RO         2383    i.TIM_GetITStatus   stm32f4xx_tim.o
    0x080035a4   0x00000012   Code   RO         2387    i.TIM_ITConfig      stm32f4xx_tim.o
    0x080035b6   0x00000002   PAD
    0x080035b8   0x00000084   Code   RO         2434    i.TIM_TimeBaseInit  stm32f4xx_tim.o
    0x0800363c   0x00000088   Code   RO          890    i.USART1_IRQHandler  usart.o
    0x080036c4   0x00000088   Code   RO          891    i.USART2_IRQHandler  usart.o
    0x0800374c   0x00000018   Code   RO         1565    i.USART_Cmd         stm32f4xx_usart.o
    0x08003764   0x0000001a   Code   RO         1568    i.USART_GetFlagStatus  stm32f4xx_usart.o
    0x0800377e   0x00000054   Code   RO         1569    i.USART_GetITStatus  stm32f4xx_usart.o
    0x080037d2   0x0000004a   Code   RO         1571    i.USART_ITConfig    stm32f4xx_usart.o
    0x0800381c   0x000000d4   Code   RO         1572    i.USART_Init        stm32f4xx_usart.o
    0x080038f0   0x0000000a   Code   RO         1579    i.USART_ReceiveData  stm32f4xx_usart.o
    0x080038fa   0x00000008   Code   RO         1582    i.USART_SendData    stm32f4xx_usart.o
    0x08003902   0x00000004   Code   RO          246    i.UsageFault_Handler  stm32f4xx_it.o
    0x08003906   0x00000002   PAD
    0x08003908   0x000003e4   Code   RO            6    i.WIFIlink_Encode   main.o
    0x08003cec   0x000001e0   Code   RO          700    i.Wifi_Init         esp8266.o
    0x08003ecc   0x0000000e   Code   RO          568    i.WriteCmd          oled_i2c.o
    0x08003eda   0x0000000e   Code   RO          569    i.WriteDat          oled_i2c.o
    0x08003ee8   0x00000030   Code   RO         3130    i.__ARM_fpclassify  m_wm.l(fpclassify.o)
    0x08003f18   0x0000000e   Code   RO         2940    i._is_digit         c_w.l(__printf_wp.o)
    0x08003f26   0x00000004   Code   RO          892    i._sys_exit         usart.o
    0x08003f2a   0x00000002   PAD
    0x08003f2c   0x0000003c   Code   RO          817    i.delay_init        delay.o
    0x08003f68   0x00000038   Code   RO          818    i.delay_ms          delay.o
    0x08003fa0   0x0000004c   Code   RO          820    i.delay_xms         delay.o
    0x08003fec   0x0000001c   Code   RO          893    i.fputc             usart.o
    0x08004008   0x000003cc   Code   RO            7    i.main              main.o
    0x080043d4   0x00000118   Code   RO            8    i.oled_on           main.o
    0x080044ec   0x00000050   Code   RO          894    i.u2_printf         usart.o
    0x0800453c   0x000000ac   Code   RO          895    i.uart2_init        usart.o
    0x080045e8   0x00000110   Code   RO            9    i.uart_DHT11_output  main.o
    0x080046f8   0x000000ac   Code   RO          896    i.uart_init         usart.o
    0x080047a4   0x0000002c   Code   RO         3126    locale$$code        c_w.l(lc_numeric_c.o)
    0x080047d0   0x0000002c   Code   RO         3197    locale$$code        c_w.l(lc_ctype_c.o)
    0x080047fc   0x00000062   Code   RO         2968    x$fpl$d2f           fz_wm.l(d2f.o)
    0x0800485e   0x00000002   PAD
    0x08004860   0x00000150   Code   RO         2970    x$fpl$dadd          fz_wm.l(daddsub_clz.o)
    0x080049b0   0x00000154   Code   RO         2976    x$fpl$dmul          fz_wm.l(dmul.o)
    0x08004b04   0x0000009c   Code   RO         3057    x$fpl$dnaninf       fz_wm.l(dnaninf.o)
    0x08004ba0   0x0000000c   Code   RO         3059    x$fpl$dretinf       fz_wm.l(dretinf.o)
    0x08004bac   0x00000016   Code   RO         2971    x$fpl$drsb          fz_wm.l(daddsub_clz.o)
    0x08004bc2   0x00000002   PAD
    0x08004bc4   0x000001d4   Code   RO         2972    x$fpl$dsub          fz_wm.l(daddsub_clz.o)
    0x08004d98   0x00000056   Code   RO         2978    x$fpl$f2d           fz_wm.l(f2d.o)
    0x08004dee   0x0000008c   Code   RO         3061    x$fpl$fnaninf       fz_wm.l(fnaninf.o)
    0x08004e7a   0x0000000a   Code   RO         3201    x$fpl$fpinit        fz_wm.l(fpinit.o)
    0x08004e84   0x0000000a   Code   RO         3063    x$fpl$fretinf       fz_wm.l(fretinf.o)
    0x08004e8e   0x00000004   Code   RO         2980    x$fpl$printf1       fz_wm.l(printf1.o)
    0x08004e92   0x00000000   Code   RO         3065    x$fpl$usenofp       fz_wm.l(usenofp.o)
    0x08004e92   0x00000002   PAD
    0x08004e94   0x00000014   Data   RO           12    .constdata          main.o
    0x08004ea8   0x00000818   Data   RO          570    .constdata          oled_i2c.o
    0x080056c0   0x00000011   Data   RO         2948    .constdata          c_w.l(__printf_flags_ss_wp.o)
    0x080056d1   0x00000003   PAD
    0x080056d4   0x00000008   Data   RO         3006    .constdata          c_w.l(_printf_wctomb.o)
    0x080056dc   0x00000028   Data   RO         3035    .constdata          c_w.l(_printf_hex_int_ll_ptr.o)
    0x08005704   0x00000094   Data   RO         3095    .constdata          c_w.l(bigflt0.o)
    0x08005798   0x00000044   Data   RO           13    .conststring        main.o
    0x080057dc   0x00000020   Data   RO         3271    Region$$Table       anon$$obj.o
    0x080057fc   0x0000001c   Data   RO         3125    locale$$data        c_w.l(lc_numeric_c.o)
    0x08005818   0x00000110   Data   RO         3196    locale$$data        c_w.l(lc_ctype_c.o)


    Execution Region RW_IRAM1 (Base: 0x20000000, Size: 0x00000e38, Max: 0x00020000, ABSOLUTE, COMPRESSED[0x0000022c])

    Base Addr    Size         Type   Attr      Idx    E Section Name        Object

    0x20000000   0x00000028   Data   RW           14    .data               main.o
    0x20000028   0x00000014   Data   RW          338    .data               system_stm32f4xx.o
    0x2000003c   0x00000030   Data   RW          449    .data               exti.o
    0x2000006c   0x00000540   Data   RW          571    .data               oled_i2c.o
    0x200005ac   0x00000004   Data   RW          701    .data               esp8266.o
    0x200005b0   0x00000004   Data   RW          821    .data               delay.o
    0x200005b4   0x00000009   Data   RW          898    .data               usart.o
    0x200005bd   0x00000010   Data   RW         1224    .data               stm32f4xx_rcc.o
    0x200005cd   0x00000003   PAD
    0x200005d0   0x00000078   Zero   RW           11    .bss                main.o
    0x20000648   0x00000190   Zero   RW          897    .bss                usart.o
    0x200007d8   0x00000060   Zero   RW         3133    .bss                c_w.l(libspace.o)
    0x20000838   0x00000200   Zero   RW          959    HEAP                startup_stm32f40_41xxx.o
    0x20000a38   0x00000400   Zero   RW          958    STACK               startup_stm32f40_41xxx.o


==============================================================================

Image component sizes


      Code (inc. data)   RO Data    RW Data    ZI Data      Debug   Object Name

       432         22          0          0          0       3441   bsp_dht11.o
       328         36          0          4          0       3586   delay.o
       480        278          0          4          0        873   esp8266.o
       912        116          0         48          0       4179   exti.o
        96         12          0          0          0       1112   key.o
       116         10          0          0          0       1117   led.o
      4192       1208         88         40        120     314294   main.o
       180         24          0          0          0       2097   misc.o
        48          6          0          0          0        577   ncllds.o
       918         38       2072       1344          0       6554   oled_i2c.o
        60          6          0          0          0        568   relay.o
       226         12          0          0          0       2051   soil_moisture.o
        64         26        392          0       1536        848   startup_stm32f40_41xxx.o
       374         24          0          0          0       5546   stm32f4xx_adc.o
       160         12          0          0          0       1513   stm32f4xx_exti.o
       240          0          0          0          0       3535   stm32f4xx_gpio.o
       424         14          0          0          0       5566   stm32f4xx_i2c.o
        26          0          0          0          0       4130   stm32f4xx_it.o
       360         42          0         16          0       5252   stm32f4xx_rcc.o
        64          4          0          0          0        660   stm32f4xx_syscfg.o
       214         28          0          0          0       3698   stm32f4xx_tim.o
       438          8          0          0          0       5461   stm32f4xx_usart.o
       340         32          0         20          0       1781   system_stm32f4xx.o
       140          8          0          0          0       1222   timer.o
       728         60          0          9        400       7032   usart.o

    ----------------------------------------------------------------------
     11584       2026       2584       1488       2056     386693   Object Totals
         0          0         32          0          0          0   (incl. Generated)
        24          0          0          3          0          0   (incl. Padding)

    ----------------------------------------------------------------------

      Code (inc. data)   RO Data    RW Data    ZI Data      Debug   Library Member Name

        24          4          0          0          0         84   __2printf.o
        56          6          0          0          0         88   __2snprintf.o
        44          6          0          0          0         84   __2sprintf.o
        90          0          0          0          0          0   __dczerorl2.o
         8          0          0          0          0         68   __main.o
       392          4         17          0          0         92   __printf_flags_ss_wp.o
        14          0          0          0          0         68   __printf_wp.o
         0          0          0          0          0          0   __rtentry.o
        12          0          0          0          0          0   __rtentry2.o
         6          0          0          0          0          0   __rtentry4.o
        52          8          0          0          0          0   __scatter.o
        28          0          0          0          0          0   __scatter_zi.o
         6          0          0          0          0          0   _printf_a.o
         6          0          0          0          0          0   _printf_c.o
        44          0          0          0          0        108   _printf_char.o
        48          6          0          0          0         96   _printf_char_common.o
        36          4          0          0          0         80   _printf_char_file.o
        40          0          0          0          0         68   _printf_charcount.o
         6          0          0          0          0          0   _printf_d.o
       120         16          0          0          0         92   _printf_dec.o
         6          0          0          0          0          0   _printf_e.o
         6          0          0          0          0          0   _printf_f.o
      1050          0          0          0          0        216   _printf_fp_dec.o
       128         16          0          0          0         84   _printf_fp_infnan.o
         6          0          0          0          0          0   _printf_g.o
       148          4         40          0          0        160   _printf_hex_int_ll_ptr.o
         6          0          0          0          0          0   _printf_i.o
       178          0          0          0          0         88   _printf_intcommon.o
        10          0          0          0          0          0   _printf_l.o
         6          0          0          0          0          0   _printf_lc.o
        10          0          0          0          0          0   _printf_ll.o
         6          0          0          0          0          0   _printf_lld.o
         6          0          0          0          0          0   _printf_lli.o
         6          0          0          0          0          0   _printf_llo.o
         6          0          0          0          0          0   _printf_llu.o
         6          0          0          0          0          0   _printf_llx.o
       124         16          0          0          0         92   _printf_longlong_dec.o
         6          0          0          0          0          0   _printf_ls.o
         6          0          0          0          0          0   _printf_n.o
         6          0          0          0          0          0   _printf_o.o
       112          8          0          0          0        124   _printf_oct_int_ll.o
         6          0          0          0          0          0   _printf_p.o
        78          0          0          0          0        108   _printf_pad.o
         0          0          0          0          0          0   _printf_percent.o
         4          0          0          0          0          0   _printf_percent_end.o
         6          0          0          0          0          0   _printf_s.o
        82          0          0          0          0         80   _printf_str.o
        36          0          0          0          0         84   _printf_truncate.o
         6          0          0          0          0          0   _printf_u.o
        44          0          0          0          0        108   _printf_wchar.o
       188          6          8          0          0         92   _printf_wctomb.o
         6          0          0          0          0          0   _printf_x.o
        16          0          0          0          0         68   _snputc.o
        10          0          0          0          0         68   _sputc.o
        64          0          0          0          0         92   _wcrtomb.o
       220          4        148          0          0         96   bigflt0.o
      1910        128          0          0          0        672   btod.o
        36          4          0          0          0         76   c89vsprintf.o
        12          0          0          0          0         72   exit.o
         8          0          0          0          0         68   ferror.o
         6          0          0          0          0        152   heapauxi.o
        44         10        272          0          0         76   lc_ctype_c.o
        44         10         28          0          0         76   lc_numeric_c.o
         2          0          0          0          0          0   libinit.o
        34          0          0          0          0          0   libinit2.o
         2          0          0          0          0          0   libshutdown.o
         2          0          0          0          0          0   libshutdown2.o
         8          4          0          0         96         68   libspace.o
       138          0          0          0          0         80   lludiv10.o
        16          4          0          0          0         76   rt_ctype_table.o
         8          4          0          0          0         68   rt_locale_intlibspace.o
        78          0          0          0          0         80   rt_memclr_w.o
       100          0          0          0          0         80   rt_memcpy_w.o
         2          0          0          0          0          0   rtexit.o
        10          0          0          0          0          0   rtexit2.o
        24          0          0          0          0         68   strcat.o
       128          0          0          0          0         68   strcmpv7m.o
        62          0          0          0          0         76   strlen.o
        74          0          0          0          0         80   sys_stackheap_outer.o
         2          0          0          0          0         68   use_no_semi.o
         2          0          0          0          0         68   use_no_semi_2.o
        98          4          0          0          0        140   d2f.o
       826         16          0          0          0        492   daddsub_clz.o
       340         12          0          0          0        152   dmul.o
       156          4          0          0          0        140   dnaninf.o
        12          0          0          0          0        116   dretinf.o
        86          4          0          0          0        132   f2d.o
       140          4          0          0          0        132   fnaninf.o
        10          0          0          0          0        116   fpinit.o
        10          0          0          0          0        116   fretinf.o
         4          0          0          0          0        116   printf1.o
         0          0          0          0          0          0   usenofp.o
        48          0          0          0          0        124   fpclassify.o

    ----------------------------------------------------------------------
      8140        316        516          0         96       6336   Library Totals
        22          0          3          0          0          0   (incl. Padding)

    ----------------------------------------------------------------------

      Code (inc. data)   RO Data    RW Data    ZI Data      Debug   Library Name

      6388        272        513          0         96       4560   c_w.l
      1682         44          0          0          0       1652   fz_wm.l
        48          0          0          0          0        124   m_wm.l

    ----------------------------------------------------------------------
      8140        316        516          0         96       6336   Library Totals

    ----------------------------------------------------------------------

==============================================================================


      Code (inc. data)   RO Data    RW Data    ZI Data      Debug   

     19724       2342       3100       1488       2152     379281   Grand Totals
     19724       2342       3100        556       2152     379281   ELF Image Totals (compressed)
     19724       2342       3100        556          0          0   ROM Totals

==============================================================================

    Total RO  Size (Code + RO Data)                22824 (  22.29kB)
    Total RW  Size (RW Data + ZI Data)              3640 (   3.55kB)
    Total ROM Size (Code + RO Data + RW Data)      23380 (  22.83kB)

==============================================================================

