<html>
<body>
<pre>
<h1>µVision Build Log</h1>
<h2>Tool Versions:</h2>
IDE-Version: ¦ÌVision V5.15
Copyright (C) 2015 ARM Ltd and ARM Germany GmbH. All rights reserved.
License Information: David Davidmirrors, mirrors, LIC=WHYH9-4CDGG-MMA9I-TLQYM-8HHEI-C7852
 
Tool Versions:
Toolchain:       MDK-ARM Standard  Version: 5.15.0
Toolchain Path:  C:\D\MDK5\ARM\ARMCC\Bin
C Compiler:      Armcc.exe V5.05 update 2 (build 169)
Assembler:       Armasm.exe V5.05 update 2 (build 169)
Linker/Locator:  ArmLink.exe V5.05 update 2 (build 169)
Library Manager: ArmAr.exe V5.05 update 2 (build 169)
Hex Converter:   FromElf.exe V5.05 update 2 (build 169)
CPU DLL:         SARMCM3.DLL V5.15.0
Dialog DLL:      DCM.DLL V1.13.2.0
Target DLL:      CMSIS_AGDI.dll V1.21.12.0
Dialog DLL:      TCM.DLL V1.14.5.0
 
<h2>Project:</h2>
C:\Users\Davidmirrors\Desktop\IOT_ADDS_RTOS\Project\RVMDK£¨uv5£©\BH-F429.uvprojx
Project File Date:  12/19/2024

<h2>Output:</h2>
*** Using Compiler 'V5.05 update 2 (build 169)', folder: 'C:\D\MDK5\ARM\ARMCC\Bin'
Build target 'FreeRTOS_TP'
compiling main.c...
..\..\User\main.c(439): warning:  #177-D: function "LED_Task" was declared but never referenced
  static void LED_Task(void* parameter)
..\..\User\main.c(459): warning:  #177-D: function "KEY_Task" was declared but never referenced
  static void KEY_Task(void* parameter)
..\..\User\main.c(62): warning:  #177-D: variable "LED_Task_Handle" was declared but never referenced
  static TaskHandle_t LED_Task_Handle = NULL;/* LED???ñ¾ä±? */
..\..\User\main.c(63): warning:  #177-D: variable "KEY_Task_Handle" was declared but never referenced
  static TaskHandle_t KEY_Task_Handle = NULL;/* KEY???ñ¾ä±? */
..\..\User\main.c: 4 warnings, 0 errors
linking...
Program Size: Code=20796 RO-data=5020 RW-data=228 ZI-data=135284  
FromELF: creating hex file...
"..\..\Output\FreeRTOS_TP.axf" - 0 Error(s), 4 Warning(s).

<h2>Collection of Component include folders:</h2>
  C:\Users\Davidmirrors\Desktop\IOT_ADDS_RTOS\Project\RVMDK£¨uv5£©\RTE
  C:\D\MDK5\ARM\PACK\Keil\STM32F4xx_DFP\2.5.0\Drivers\CMSIS\Device\ST\STM32F4xx\Include

<h2>Collection of Component Files used:</h2>
</pre>
</body>
</html>
